<testsuites id="" name="" tests="56" failures="52" skipped="0" errors="0" time="643.457032">
<testsuite name="sitepal-integration.spec.ts" timestamp="2025-07-04T21:51:49.265Z" hostname="chromium" tests="8" failures="7" skipped="0" time="94.468" errors="0">
<testcase name="SitePal DOM Container Integration › should load home page without console errors" classname="sitepal-integration.spec.ts" time="7.442">
</testcase>
<testcase name="SitePal DOM Container Integration › should find Start AI Presentation button and open SitePal modal" classname="sitepal-integration.spec.ts" time="21.16">
<failure message="sitepal-integration.spec.ts:151:7 should find Start AI Presentation button and open SitePal modal" type="FAILURE">
<![CDATA[  [chromium] › sitepal-integration.spec.ts:151:7 › SitePal DOM Container Integration › should find Start AI Presentation button and open SitePal modal 

    TimeoutError: page.waitForSelector: Timeout 5000ms exceeded.
    Call log:
      - waiting for locator('[role="dialog"]') to be visible


      158 |
      159 |     // Wait for modal to appear
    > 160 |     await page.waitForSelector('[role="dialog"]', { timeout: 5000 });
          |                ^
      161 |
      162 |     // Verify modal is visible
      163 |     const modal = page.locator('[role="dialog"]');
        at /Users/boommac/Downloads/TAIC-Master/tests/sitepal-integration.spec.ts:160:16

    attachment #1: screenshot (image/png) ──────────────────────────────────────────────────────────
    test-results/sitepal-integration-SitePa-a86b7-tton-and-open-SitePal-modal-chromium/test-failed-1.png
    ────────────────────────────────────────────────────────────────────────────────────────────────

    attachment #2: video (video/webm) ──────────────────────────────────────────────────────────────
    test-results/sitepal-integration-SitePa-a86b7-tton-and-open-SitePal-modal-chromium/video.webm
    ────────────────────────────────────────────────────────────────────────────────────────────────

    Error Context: ../test-results/sitepal-integration-SitePa-a86b7-tton-and-open-SitePal-modal-chromium/error-context.md
]]>
</failure>
<system-out>
<![CDATA[
[[ATTACHMENT|sitepal-integration-SitePa-a86b7-tton-and-open-SitePal-modal-chromium/test-failed-1.png]]

[[ATTACHMENT|sitepal-integration-SitePa-a86b7-tton-and-open-SitePal-modal-chromium/video.webm]]

[[ATTACHMENT|sitepal-integration-SitePa-a86b7-tton-and-open-SitePal-modal-chromium/error-context.md]]
]]>
</system-out>
</testcase>
<testcase name="SitePal DOM Container Integration › should initialize DOM container without infinite retry loops" classname="sitepal-integration.spec.ts" time="15.746">
<failure message="sitepal-integration.spec.ts:167:7 should initialize DOM container without infinite retry loops" type="FAILURE">
<![CDATA[  [chromium] › sitepal-integration.spec.ts:167:7 › SitePal DOM Container Integration › should initialize DOM container without infinite retry loops 

    TimeoutError: page.waitForSelector: Timeout 5000ms exceeded.
    Call log:
      - waiting for locator('[role="dialog"]') to be visible


      171 |     
      172 |     // Wait for modal to appear
    > 173 |     await page.waitForSelector('[role="dialog"]', { timeout: 5000 });
          |                ^
      174 |     
      175 |     // Clear console messages before container initialization
      176 |     await helper.clearConsoleMessages();
        at /Users/boommac/Downloads/TAIC-Master/tests/sitepal-integration.spec.ts:173:16

    attachment #1: screenshot (image/png) ──────────────────────────────────────────────────────────
    test-results/sitepal-integration-SitePa-98ab2-ithout-infinite-retry-loops-chromium/test-failed-1.png
    ────────────────────────────────────────────────────────────────────────────────────────────────

    attachment #2: video (video/webm) ──────────────────────────────────────────────────────────────
    test-results/sitepal-integration-SitePa-98ab2-ithout-infinite-retry-loops-chromium/video.webm
    ────────────────────────────────────────────────────────────────────────────────────────────────

    Error Context: ../test-results/sitepal-integration-SitePa-98ab2-ithout-infinite-retry-loops-chromium/error-context.md
]]>
</failure>
<system-out>
<![CDATA[
[[ATTACHMENT|sitepal-integration-SitePa-98ab2-ithout-infinite-retry-loops-chromium/test-failed-1.png]]

[[ATTACHMENT|sitepal-integration-SitePa-98ab2-ithout-infinite-retry-loops-chromium/video.webm]]

[[ATTACHMENT|sitepal-integration-SitePa-98ab2-ithout-infinite-retry-loops-chromium/error-context.md]]
]]>
</system-out>
</testcase>
<testcase name="SitePal DOM Container Integration › should create DOM container with correct ID and properties" classname="sitepal-integration.spec.ts" time="10.985">
<failure message="sitepal-integration.spec.ts:199:7 should create DOM container with correct ID and properties" type="FAILURE">
<![CDATA[  [chromium] › sitepal-integration.spec.ts:199:7 › SitePal DOM Container Integration › should create DOM container with correct ID and properties 

    TimeoutError: page.waitForSelector: Timeout 5000ms exceeded.
    Call log:
      - waiting for locator('[role="dialog"]') to be visible


      203 |     
      204 |     // Wait for modal and container initialization
    > 205 |     await page.waitForSelector('[role="dialog"]', { timeout: 5000 });
          |                ^
      206 |     await page.waitForTimeout(2000);
      207 |     
      208 |     // Check for both possible container IDs
        at /Users/boommac/Downloads/TAIC-Master/tests/sitepal-integration.spec.ts:205:16

    attachment #1: screenshot (image/png) ──────────────────────────────────────────────────────────
    test-results/sitepal-integration-SitePa-ecc5e-h-correct-ID-and-properties-chromium/test-failed-1.png
    ────────────────────────────────────────────────────────────────────────────────────────────────

    attachment #2: video (video/webm) ──────────────────────────────────────────────────────────────
    test-results/sitepal-integration-SitePa-ecc5e-h-correct-ID-and-properties-chromium/video.webm
    ────────────────────────────────────────────────────────────────────────────────────────────────

    Error Context: ../test-results/sitepal-integration-SitePa-ecc5e-h-correct-ID-and-properties-chromium/error-context.md
]]>
</failure>
<system-out>
<![CDATA[
[[ATTACHMENT|sitepal-integration-SitePa-ecc5e-h-correct-ID-and-properties-chromium/test-failed-1.png]]

[[ATTACHMENT|sitepal-integration-SitePa-ecc5e-h-correct-ID-and-properties-chromium/video.webm]]

[[ATTACHMENT|sitepal-integration-SitePa-ecc5e-h-correct-ID-and-properties-chromium/error-context.md]]
]]>
</system-out>
</testcase>
<testcase name="SitePal DOM Container Integration › should load SitePal script and embed function" classname="sitepal-integration.spec.ts" time="10.689">
<failure message="sitepal-integration.spec.ts:229:7 should load SitePal script and embed function" type="FAILURE">
<![CDATA[  [chromium] › sitepal-integration.spec.ts:229:7 › SitePal DOM Container Integration › should load SitePal script and embed function 

    TimeoutError: page.waitForSelector: Timeout 5000ms exceeded.
    Call log:
      - waiting for locator('[role="dialog"]') to be visible


      233 |     
      234 |     // Wait for modal to appear
    > 235 |     await page.waitForSelector('[role="dialog"]', { timeout: 5000 });
          |                ^
      236 |     
      237 |     // Wait for SitePal script to load
      238 |     const scriptLoaded = await helper.waitForSitePalScript();
        at /Users/boommac/Downloads/TAIC-Master/tests/sitepal-integration.spec.ts:235:16

    attachment #1: screenshot (image/png) ──────────────────────────────────────────────────────────
    test-results/sitepal-integration-SitePa-88623-l-script-and-embed-function-chromium/test-failed-1.png
    ────────────────────────────────────────────────────────────────────────────────────────────────

    attachment #2: video (video/webm) ──────────────────────────────────────────────────────────────
    test-results/sitepal-integration-SitePa-88623-l-script-and-embed-function-chromium/video.webm
    ────────────────────────────────────────────────────────────────────────────────────────────────

    Error Context: ../test-results/sitepal-integration-SitePa-88623-l-script-and-embed-function-chromium/error-context.md
]]>
</failure>
<system-out>
<![CDATA[
[[ATTACHMENT|sitepal-integration-SitePa-88623-l-script-and-embed-function-chromium/test-failed-1.png]]

[[ATTACHMENT|sitepal-integration-SitePa-88623-l-script-and-embed-function-chromium/video.webm]]

[[ATTACHMENT|sitepal-integration-SitePa-88623-l-script-and-embed-function-chromium/error-context.md]]
]]>
</system-out>
</testcase>
<testcase name="SitePal DOM Container Integration › should complete container initialization within timeout" classname="sitepal-integration.spec.ts" time="10.165">
<failure message="sitepal-integration.spec.ts:248:7 should complete container initialization within timeout" type="FAILURE">
<![CDATA[  [chromium] › sitepal-integration.spec.ts:248:7 › SitePal DOM Container Integration › should complete container initialization within timeout 

    TimeoutError: page.waitForSelector: Timeout 5000ms exceeded.
    Call log:
      - waiting for locator('[role="dialog"]') to be visible


      252 |     
      253 |     // Wait for modal to appear
    > 254 |     await page.waitForSelector('[role="dialog"]', { timeout: 5000 });
          |                ^
      255 |     
      256 |     // Clear console messages
      257 |     await helper.clearConsoleMessages();
        at /Users/boommac/Downloads/TAIC-Master/tests/sitepal-integration.spec.ts:254:16

    attachment #1: screenshot (image/png) ──────────────────────────────────────────────────────────
    test-results/sitepal-integration-SitePa-e2d86-itialization-within-timeout-chromium/test-failed-1.png
    ────────────────────────────────────────────────────────────────────────────────────────────────

    attachment #2: video (video/webm) ──────────────────────────────────────────────────────────────
    test-results/sitepal-integration-SitePa-e2d86-itialization-within-timeout-chromium/video.webm
    ────────────────────────────────────────────────────────────────────────────────────────────────

    Error Context: ../test-results/sitepal-integration-SitePa-e2d86-itialization-within-timeout-chromium/error-context.md
]]>
</failure>
<system-out>
<![CDATA[
[[ATTACHMENT|sitepal-integration-SitePa-e2d86-itialization-within-timeout-chromium/test-failed-1.png]]

[[ATTACHMENT|sitepal-integration-SitePa-e2d86-itialization-within-timeout-chromium/video.webm]]

[[ATTACHMENT|sitepal-integration-SitePa-e2d86-itialization-within-timeout-chromium/error-context.md]]
]]>
</system-out>
</testcase>
<testcase name="SitePal DOM Container Integration › should handle modal close and reopen without errors" classname="sitepal-integration.spec.ts" time="10.048">
<failure message="sitepal-integration.spec.ts:284:7 should handle modal close and reopen without errors" type="FAILURE">
<![CDATA[  [chromium] › sitepal-integration.spec.ts:284:7 › SitePal DOM Container Integration › should handle modal close and reopen without errors 

    TimeoutError: page.waitForSelector: Timeout 5000ms exceeded.
    Call log:
      - waiting for locator('[role="dialog"]') to be visible


      288 |     
      289 |     // Wait for modal to appear and initialize
    > 290 |     await page.waitForSelector('[role="dialog"]', { timeout: 5000 });
          |                ^
      291 |     await page.waitForTimeout(2000);
      292 |     
      293 |     // Close the modal
        at /Users/boommac/Downloads/TAIC-Master/tests/sitepal-integration.spec.ts:290:16

    attachment #1: screenshot (image/png) ──────────────────────────────────────────────────────────
    test-results/sitepal-integration-SitePa-0aa08-e-and-reopen-without-errors-chromium/test-failed-1.png
    ────────────────────────────────────────────────────────────────────────────────────────────────

    attachment #2: video (video/webm) ──────────────────────────────────────────────────────────────
    test-results/sitepal-integration-SitePa-0aa08-e-and-reopen-without-errors-chromium/video.webm
    ────────────────────────────────────────────────────────────────────────────────────────────────

    Error Context: ../test-results/sitepal-integration-SitePa-0aa08-e-and-reopen-without-errors-chromium/error-context.md
]]>
</failure>
<system-out>
<![CDATA[
[[ATTACHMENT|sitepal-integration-SitePa-0aa08-e-and-reopen-without-errors-chromium/test-failed-1.png]]

[[ATTACHMENT|sitepal-integration-SitePa-0aa08-e-and-reopen-without-errors-chromium/video.webm]]

[[ATTACHMENT|sitepal-integration-SitePa-0aa08-e-and-reopen-without-errors-chromium/error-context.md]]
]]>
</system-out>
</testcase>
<testcase name="SitePal DOM Container Integration › should not create infinite setTimeout loops" classname="sitepal-integration.spec.ts" time="8.233">
<failure message="sitepal-integration.spec.ts:318:7 should not create infinite setTimeout loops" type="FAILURE">
<![CDATA[  [chromium] › sitepal-integration.spec.ts:318:7 › SitePal DOM Container Integration › should not create infinite setTimeout loops 

    TimeoutError: page.waitForSelector: Timeout 5000ms exceeded.
    Call log:
      - waiting for locator('[role="dialog"]') to be visible


      334 |     
      335 |     // Wait for modal and initialization
    > 336 |     await page.waitForSelector('[role="dialog"]', { timeout: 5000 });
          |                ^
      337 |     await page.waitForTimeout(5000);
      338 |     
      339 |     // Check setTimeout call count
        at /Users/boommac/Downloads/TAIC-Master/tests/sitepal-integration.spec.ts:336:16

    attachment #1: screenshot (image/png) ──────────────────────────────────────────────────────────
    test-results/sitepal-integration-SitePa-91abf-e-infinite-setTimeout-loops-chromium/test-failed-1.png
    ────────────────────────────────────────────────────────────────────────────────────────────────

    attachment #2: video (video/webm) ──────────────────────────────────────────────────────────────
    test-results/sitepal-integration-SitePa-91abf-e-infinite-setTimeout-loops-chromium/video.webm
    ────────────────────────────────────────────────────────────────────────────────────────────────

    Error Context: ../test-results/sitepal-integration-SitePa-91abf-e-infinite-setTimeout-loops-chromium/error-context.md
]]>
</failure>
<system-out>
<![CDATA[
[[ATTACHMENT|sitepal-integration-SitePa-91abf-e-infinite-setTimeout-loops-chromium/test-failed-1.png]]

[[ATTACHMENT|sitepal-integration-SitePa-91abf-e-infinite-setTimeout-loops-chromium/video.webm]]

[[ATTACHMENT|sitepal-integration-SitePa-91abf-e-infinite-setTimeout-loops-chromium/error-context.md]]
]]>
</system-out>
</testcase>
</testsuite>
<testsuite name="sitepal-integration.spec.ts" timestamp="2025-07-04T21:51:49.265Z" hostname="firefox" tests="8" failures="7" skipped="0" time="140.21" errors="0">
<testcase name="SitePal DOM Container Integration › should load home page without console errors" classname="sitepal-integration.spec.ts" time="13.687">
</testcase>
<testcase name="SitePal DOM Container Integration › should find Start AI Presentation button and open SitePal modal" classname="sitepal-integration.spec.ts" time="17.444">
<failure message="sitepal-integration.spec.ts:151:7 should find Start AI Presentation button and open SitePal modal" type="FAILURE">
<![CDATA[  [firefox] › sitepal-integration.spec.ts:151:7 › SitePal DOM Container Integration › should find Start AI Presentation button and open SitePal modal 

    TimeoutError: page.waitForSelector: Timeout 5000ms exceeded.
    Call log:
      - waiting for locator('[role="dialog"]') to be visible


      158 |
      159 |     // Wait for modal to appear
    > 160 |     await page.waitForSelector('[role="dialog"]', { timeout: 5000 });
          |                ^
      161 |
      162 |     // Verify modal is visible
      163 |     const modal = page.locator('[role="dialog"]');
        at /Users/boommac/Downloads/TAIC-Master/tests/sitepal-integration.spec.ts:160:16

    attachment #1: screenshot (image/png) ──────────────────────────────────────────────────────────
    test-results/sitepal-integration-SitePa-a86b7-tton-and-open-SitePal-modal-firefox/test-failed-1.png
    ────────────────────────────────────────────────────────────────────────────────────────────────

    attachment #2: video (video/webm) ──────────────────────────────────────────────────────────────
    test-results/sitepal-integration-SitePa-a86b7-tton-and-open-SitePal-modal-firefox/video.webm
    ────────────────────────────────────────────────────────────────────────────────────────────────

    Error Context: ../test-results/sitepal-integration-SitePa-a86b7-tton-and-open-SitePal-modal-firefox/error-context.md
]]>
</failure>
<system-out>
<![CDATA[
[[ATTACHMENT|sitepal-integration-SitePa-a86b7-tton-and-open-SitePal-modal-firefox/test-failed-1.png]]

[[ATTACHMENT|sitepal-integration-SitePa-a86b7-tton-and-open-SitePal-modal-firefox/video.webm]]

[[ATTACHMENT|sitepal-integration-SitePa-a86b7-tton-and-open-SitePal-modal-firefox/error-context.md]]
]]>
</system-out>
</testcase>
<testcase name="SitePal DOM Container Integration › should initialize DOM container without infinite retry loops" classname="sitepal-integration.spec.ts" time="10.772">
<failure message="sitepal-integration.spec.ts:167:7 should initialize DOM container without infinite retry loops" type="FAILURE">
<![CDATA[  [firefox] › sitepal-integration.spec.ts:167:7 › SitePal DOM Container Integration › should initialize DOM container without infinite retry loops 

    TimeoutError: page.waitForSelector: Timeout 5000ms exceeded.
    Call log:
      - waiting for locator('[role="dialog"]') to be visible


      171 |     
      172 |     // Wait for modal to appear
    > 173 |     await page.waitForSelector('[role="dialog"]', { timeout: 5000 });
          |                ^
      174 |     
      175 |     // Clear console messages before container initialization
      176 |     await helper.clearConsoleMessages();
        at /Users/boommac/Downloads/TAIC-Master/tests/sitepal-integration.spec.ts:173:16

    attachment #1: screenshot (image/png) ──────────────────────────────────────────────────────────
    test-results/sitepal-integration-SitePa-98ab2-ithout-infinite-retry-loops-firefox/test-failed-1.png
    ────────────────────────────────────────────────────────────────────────────────────────────────

    attachment #2: video (video/webm) ──────────────────────────────────────────────────────────────
    test-results/sitepal-integration-SitePa-98ab2-ithout-infinite-retry-loops-firefox/video.webm
    ────────────────────────────────────────────────────────────────────────────────────────────────

    Error Context: ../test-results/sitepal-integration-SitePa-98ab2-ithout-infinite-retry-loops-firefox/error-context.md
]]>
</failure>
<system-out>
<![CDATA[
[[ATTACHMENT|sitepal-integration-SitePa-98ab2-ithout-infinite-retry-loops-firefox/test-failed-1.png]]

[[ATTACHMENT|sitepal-integration-SitePa-98ab2-ithout-infinite-retry-loops-firefox/video.webm]]

[[ATTACHMENT|sitepal-integration-SitePa-98ab2-ithout-infinite-retry-loops-firefox/error-context.md]]
]]>
</system-out>
</testcase>
<testcase name="SitePal DOM Container Integration › should create DOM container with correct ID and properties" classname="sitepal-integration.spec.ts" time="19.871">
<failure message="sitepal-integration.spec.ts:199:7 should create DOM container with correct ID and properties" type="FAILURE">
<![CDATA[  [firefox] › sitepal-integration.spec.ts:199:7 › SitePal DOM Container Integration › should create DOM container with correct ID and properties 

    TimeoutError: page.waitForSelector: Timeout 5000ms exceeded.
    Call log:
      - waiting for locator('[role="dialog"]') to be visible


      203 |     
      204 |     // Wait for modal and container initialization
    > 205 |     await page.waitForSelector('[role="dialog"]', { timeout: 5000 });
          |                ^
      206 |     await page.waitForTimeout(2000);
      207 |     
      208 |     // Check for both possible container IDs
        at /Users/boommac/Downloads/TAIC-Master/tests/sitepal-integration.spec.ts:205:16

    attachment #1: screenshot (image/png) ──────────────────────────────────────────────────────────
    test-results/sitepal-integration-SitePa-ecc5e-h-correct-ID-and-properties-firefox/test-failed-1.png
    ────────────────────────────────────────────────────────────────────────────────────────────────

    attachment #2: video (video/webm) ──────────────────────────────────────────────────────────────
    test-results/sitepal-integration-SitePa-ecc5e-h-correct-ID-and-properties-firefox/video.webm
    ────────────────────────────────────────────────────────────────────────────────────────────────

    Error Context: ../test-results/sitepal-integration-SitePa-ecc5e-h-correct-ID-and-properties-firefox/error-context.md
]]>
</failure>
<system-out>
<![CDATA[
[[ATTACHMENT|sitepal-integration-SitePa-ecc5e-h-correct-ID-and-properties-firefox/test-failed-1.png]]

[[ATTACHMENT|sitepal-integration-SitePa-ecc5e-h-correct-ID-and-properties-firefox/video.webm]]

[[ATTACHMENT|sitepal-integration-SitePa-ecc5e-h-correct-ID-and-properties-firefox/error-context.md]]
]]>
</system-out>
</testcase>
<testcase name="SitePal DOM Container Integration › should load SitePal script and embed function" classname="sitepal-integration.spec.ts" time="19.595">
<failure message="sitepal-integration.spec.ts:229:7 should load SitePal script and embed function" type="FAILURE">
<![CDATA[  [firefox] › sitepal-integration.spec.ts:229:7 › SitePal DOM Container Integration › should load SitePal script and embed function 

    TimeoutError: page.waitForSelector: Timeout 5000ms exceeded.
    Call log:
      - waiting for locator('[role="dialog"]') to be visible


      233 |     
      234 |     // Wait for modal to appear
    > 235 |     await page.waitForSelector('[role="dialog"]', { timeout: 5000 });
          |                ^
      236 |     
      237 |     // Wait for SitePal script to load
      238 |     const scriptLoaded = await helper.waitForSitePalScript();
        at /Users/boommac/Downloads/TAIC-Master/tests/sitepal-integration.spec.ts:235:16

    attachment #1: screenshot (image/png) ──────────────────────────────────────────────────────────
    test-results/sitepal-integration-SitePa-88623-l-script-and-embed-function-firefox/test-failed-1.png
    ────────────────────────────────────────────────────────────────────────────────────────────────

    attachment #2: video (video/webm) ──────────────────────────────────────────────────────────────
    test-results/sitepal-integration-SitePa-88623-l-script-and-embed-function-firefox/video.webm
    ────────────────────────────────────────────────────────────────────────────────────────────────

    Error Context: ../test-results/sitepal-integration-SitePa-88623-l-script-and-embed-function-firefox/error-context.md
]]>
</failure>
<system-out>
<![CDATA[
[[ATTACHMENT|sitepal-integration-SitePa-88623-l-script-and-embed-function-firefox/test-failed-1.png]]

[[ATTACHMENT|sitepal-integration-SitePa-88623-l-script-and-embed-function-firefox/video.webm]]

[[ATTACHMENT|sitepal-integration-SitePa-88623-l-script-and-embed-function-firefox/error-context.md]]
]]>
</system-out>
</testcase>
<testcase name="SitePal DOM Container Integration › should complete container initialization within timeout" classname="sitepal-integration.spec.ts" time="22.079">
<failure message="sitepal-integration.spec.ts:248:7 should complete container initialization within timeout" type="FAILURE">
<![CDATA[  [firefox] › sitepal-integration.spec.ts:248:7 › SitePal DOM Container Integration › should complete container initialization within timeout 

    TimeoutError: page.waitForSelector: Timeout 5000ms exceeded.
    Call log:
      - waiting for locator('[role="dialog"]') to be visible


      252 |     
      253 |     // Wait for modal to appear
    > 254 |     await page.waitForSelector('[role="dialog"]', { timeout: 5000 });
          |                ^
      255 |     
      256 |     // Clear console messages
      257 |     await helper.clearConsoleMessages();
        at /Users/boommac/Downloads/TAIC-Master/tests/sitepal-integration.spec.ts:254:16

    attachment #1: screenshot (image/png) ──────────────────────────────────────────────────────────
    test-results/sitepal-integration-SitePa-e2d86-itialization-within-timeout-firefox/test-failed-1.png
    ────────────────────────────────────────────────────────────────────────────────────────────────

    attachment #2: video (video/webm) ──────────────────────────────────────────────────────────────
    test-results/sitepal-integration-SitePa-e2d86-itialization-within-timeout-firefox/video.webm
    ────────────────────────────────────────────────────────────────────────────────────────────────

    Error Context: ../test-results/sitepal-integration-SitePa-e2d86-itialization-within-timeout-firefox/error-context.md
]]>
</failure>
<system-out>
<![CDATA[
[[ATTACHMENT|sitepal-integration-SitePa-e2d86-itialization-within-timeout-firefox/test-failed-1.png]]

[[ATTACHMENT|sitepal-integration-SitePa-e2d86-itialization-within-timeout-firefox/video.webm]]

[[ATTACHMENT|sitepal-integration-SitePa-e2d86-itialization-within-timeout-firefox/error-context.md]]
]]>
</system-out>
</testcase>
<testcase name="SitePal DOM Container Integration › should handle modal close and reopen without errors" classname="sitepal-integration.spec.ts" time="18.049">
<failure message="sitepal-integration.spec.ts:284:7 should handle modal close and reopen without errors" type="FAILURE">
<![CDATA[  [firefox] › sitepal-integration.spec.ts:284:7 › SitePal DOM Container Integration › should handle modal close and reopen without errors 

    TimeoutError: page.waitForSelector: Timeout 5000ms exceeded.
    Call log:
      - waiting for locator('[role="dialog"]') to be visible


      288 |     
      289 |     // Wait for modal to appear and initialize
    > 290 |     await page.waitForSelector('[role="dialog"]', { timeout: 5000 });
          |                ^
      291 |     await page.waitForTimeout(2000);
      292 |     
      293 |     // Close the modal
        at /Users/boommac/Downloads/TAIC-Master/tests/sitepal-integration.spec.ts:290:16

    attachment #1: screenshot (image/png) ──────────────────────────────────────────────────────────
    test-results/sitepal-integration-SitePa-0aa08-e-and-reopen-without-errors-firefox/test-failed-1.png
    ────────────────────────────────────────────────────────────────────────────────────────────────

    attachment #2: video (video/webm) ──────────────────────────────────────────────────────────────
    test-results/sitepal-integration-SitePa-0aa08-e-and-reopen-without-errors-firefox/video.webm
    ────────────────────────────────────────────────────────────────────────────────────────────────

    Error Context: ../test-results/sitepal-integration-SitePa-0aa08-e-and-reopen-without-errors-firefox/error-context.md
]]>
</failure>
<system-out>
<![CDATA[
[[ATTACHMENT|sitepal-integration-SitePa-0aa08-e-and-reopen-without-errors-firefox/test-failed-1.png]]

[[ATTACHMENT|sitepal-integration-SitePa-0aa08-e-and-reopen-without-errors-firefox/video.webm]]

[[ATTACHMENT|sitepal-integration-SitePa-0aa08-e-and-reopen-without-errors-firefox/error-context.md]]
]]>
</system-out>
</testcase>
<testcase name="SitePal DOM Container Integration › should not create infinite setTimeout loops" classname="sitepal-integration.spec.ts" time="18.713">
<failure message="sitepal-integration.spec.ts:318:7 should not create infinite setTimeout loops" type="FAILURE">
<![CDATA[  [firefox] › sitepal-integration.spec.ts:318:7 › SitePal DOM Container Integration › should not create infinite setTimeout loops 

    TimeoutError: page.waitForSelector: Timeout 5000ms exceeded.
    Call log:
      - waiting for locator('[role="dialog"]') to be visible


      334 |     
      335 |     // Wait for modal and initialization
    > 336 |     await page.waitForSelector('[role="dialog"]', { timeout: 5000 });
          |                ^
      337 |     await page.waitForTimeout(5000);
      338 |     
      339 |     // Check setTimeout call count
        at /Users/boommac/Downloads/TAIC-Master/tests/sitepal-integration.spec.ts:336:16

    attachment #1: screenshot (image/png) ──────────────────────────────────────────────────────────
    test-results/sitepal-integration-SitePa-91abf-e-infinite-setTimeout-loops-firefox/test-failed-1.png
    ────────────────────────────────────────────────────────────────────────────────────────────────

    attachment #2: video (video/webm) ──────────────────────────────────────────────────────────────
    test-results/sitepal-integration-SitePa-91abf-e-infinite-setTimeout-loops-firefox/video.webm
    ────────────────────────────────────────────────────────────────────────────────────────────────

    Error Context: ../test-results/sitepal-integration-SitePa-91abf-e-infinite-setTimeout-loops-firefox/error-context.md
]]>
</failure>
<system-out>
<![CDATA[
[[ATTACHMENT|sitepal-integration-SitePa-91abf-e-infinite-setTimeout-loops-firefox/test-failed-1.png]]

[[ATTACHMENT|sitepal-integration-SitePa-91abf-e-infinite-setTimeout-loops-firefox/video.webm]]

[[ATTACHMENT|sitepal-integration-SitePa-91abf-e-infinite-setTimeout-loops-firefox/error-context.md]]
]]>
</system-out>
</testcase>
</testsuite>
<testsuite name="sitepal-integration.spec.ts" timestamp="2025-07-04T21:51:49.265Z" hostname="webkit" tests="8" failures="7" skipped="0" time="210.814" errors="0">
<testcase name="SitePal DOM Container Integration › should load home page without console errors" classname="sitepal-integration.spec.ts" time="23">
</testcase>
<testcase name="SitePal DOM Container Integration › should find Start AI Presentation button and open SitePal modal" classname="sitepal-integration.spec.ts" time="17.513">
<failure message="sitepal-integration.spec.ts:151:7 should find Start AI Presentation button and open SitePal modal" type="FAILURE">
<![CDATA[  [webkit] › sitepal-integration.spec.ts:151:7 › SitePal DOM Container Integration › should find Start AI Presentation button and open SitePal modal 

    TimeoutError: page.waitForSelector: Timeout 5000ms exceeded.
    Call log:
      - waiting for locator('[role="dialog"]') to be visible


      158 |
      159 |     // Wait for modal to appear
    > 160 |     await page.waitForSelector('[role="dialog"]', { timeout: 5000 });
          |                ^
      161 |
      162 |     // Verify modal is visible
      163 |     const modal = page.locator('[role="dialog"]');
        at /Users/boommac/Downloads/TAIC-Master/tests/sitepal-integration.spec.ts:160:16

    attachment #1: screenshot (image/png) ──────────────────────────────────────────────────────────
    test-results/sitepal-integration-SitePa-a86b7-tton-and-open-SitePal-modal-webkit/test-failed-1.png
    ────────────────────────────────────────────────────────────────────────────────────────────────

    attachment #2: video (video/webm) ──────────────────────────────────────────────────────────────
    test-results/sitepal-integration-SitePa-a86b7-tton-and-open-SitePal-modal-webkit/video.webm
    ────────────────────────────────────────────────────────────────────────────────────────────────

    Error Context: ../test-results/sitepal-integration-SitePa-a86b7-tton-and-open-SitePal-modal-webkit/error-context.md
]]>
</failure>
<system-out>
<![CDATA[
[[ATTACHMENT|sitepal-integration-SitePa-a86b7-tton-and-open-SitePal-modal-webkit/test-failed-1.png]]

[[ATTACHMENT|sitepal-integration-SitePa-a86b7-tton-and-open-SitePal-modal-webkit/video.webm]]

[[ATTACHMENT|sitepal-integration-SitePa-a86b7-tton-and-open-SitePal-modal-webkit/error-context.md]]
]]>
</system-out>
</testcase>
<testcase name="SitePal DOM Container Integration › should initialize DOM container without infinite retry loops" classname="sitepal-integration.spec.ts" time="16.011">
<failure message="sitepal-integration.spec.ts:167:7 should initialize DOM container without infinite retry loops" type="FAILURE">
<![CDATA[  [webkit] › sitepal-integration.spec.ts:167:7 › SitePal DOM Container Integration › should initialize DOM container without infinite retry loops 

    TimeoutError: page.waitForSelector: Timeout 5000ms exceeded.
    Call log:
      - waiting for locator('[role="dialog"]') to be visible


      171 |     
      172 |     // Wait for modal to appear
    > 173 |     await page.waitForSelector('[role="dialog"]', { timeout: 5000 });
          |                ^
      174 |     
      175 |     // Clear console messages before container initialization
      176 |     await helper.clearConsoleMessages();
        at /Users/boommac/Downloads/TAIC-Master/tests/sitepal-integration.spec.ts:173:16

    attachment #1: screenshot (image/png) ──────────────────────────────────────────────────────────
    test-results/sitepal-integration-SitePa-98ab2-ithout-infinite-retry-loops-webkit/test-failed-1.png
    ────────────────────────────────────────────────────────────────────────────────────────────────

    attachment #2: video (video/webm) ──────────────────────────────────────────────────────────────
    test-results/sitepal-integration-SitePa-98ab2-ithout-infinite-retry-loops-webkit/video.webm
    ────────────────────────────────────────────────────────────────────────────────────────────────

    Error Context: ../test-results/sitepal-integration-SitePa-98ab2-ithout-infinite-retry-loops-webkit/error-context.md
]]>
</failure>
<system-out>
<![CDATA[
[[ATTACHMENT|sitepal-integration-SitePa-98ab2-ithout-infinite-retry-loops-webkit/test-failed-1.png]]

[[ATTACHMENT|sitepal-integration-SitePa-98ab2-ithout-infinite-retry-loops-webkit/video.webm]]

[[ATTACHMENT|sitepal-integration-SitePa-98ab2-ithout-infinite-retry-loops-webkit/error-context.md]]
]]>
</system-out>
</testcase>
<testcase name="SitePal DOM Container Integration › should create DOM container with correct ID and properties" classname="sitepal-integration.spec.ts" time="15.979">
<failure message="sitepal-integration.spec.ts:199:7 should create DOM container with correct ID and properties" type="FAILURE">
<![CDATA[  [webkit] › sitepal-integration.spec.ts:199:7 › SitePal DOM Container Integration › should create DOM container with correct ID and properties 

    TimeoutError: page.waitForSelector: Timeout 5000ms exceeded.
    Call log:
      - waiting for locator('[role="dialog"]') to be visible


      203 |     
      204 |     // Wait for modal and container initialization
    > 205 |     await page.waitForSelector('[role="dialog"]', { timeout: 5000 });
          |                ^
      206 |     await page.waitForTimeout(2000);
      207 |     
      208 |     // Check for both possible container IDs
        at /Users/boommac/Downloads/TAIC-Master/tests/sitepal-integration.spec.ts:205:16

    attachment #1: screenshot (image/png) ──────────────────────────────────────────────────────────
    test-results/sitepal-integration-SitePa-ecc5e-h-correct-ID-and-properties-webkit/test-failed-1.png
    ────────────────────────────────────────────────────────────────────────────────────────────────

    attachment #2: video (video/webm) ──────────────────────────────────────────────────────────────
    test-results/sitepal-integration-SitePa-ecc5e-h-correct-ID-and-properties-webkit/video.webm
    ────────────────────────────────────────────────────────────────────────────────────────────────

    Error Context: ../test-results/sitepal-integration-SitePa-ecc5e-h-correct-ID-and-properties-webkit/error-context.md
]]>
</failure>
<system-out>
<![CDATA[
[[ATTACHMENT|sitepal-integration-SitePa-ecc5e-h-correct-ID-and-properties-webkit/test-failed-1.png]]

[[ATTACHMENT|sitepal-integration-SitePa-ecc5e-h-correct-ID-and-properties-webkit/video.webm]]

[[ATTACHMENT|sitepal-integration-SitePa-ecc5e-h-correct-ID-and-properties-webkit/error-context.md]]
]]>
</system-out>
</testcase>
<testcase name="SitePal DOM Container Integration › should load SitePal script and embed function" classname="sitepal-integration.spec.ts" time="13.214">
<failure message="sitepal-integration.spec.ts:229:7 should load SitePal script and embed function" type="FAILURE">
<![CDATA[  [webkit] › sitepal-integration.spec.ts:229:7 › SitePal DOM Container Integration › should load SitePal script and embed function 

    TimeoutError: page.waitForSelector: Timeout 5000ms exceeded.
    Call log:
      - waiting for locator('[role="dialog"]') to be visible


      233 |     
      234 |     // Wait for modal to appear
    > 235 |     await page.waitForSelector('[role="dialog"]', { timeout: 5000 });
          |                ^
      236 |     
      237 |     // Wait for SitePal script to load
      238 |     const scriptLoaded = await helper.waitForSitePalScript();
        at /Users/boommac/Downloads/TAIC-Master/tests/sitepal-integration.spec.ts:235:16

    attachment #1: screenshot (image/png) ──────────────────────────────────────────────────────────
    test-results/sitepal-integration-SitePa-88623-l-script-and-embed-function-webkit/test-failed-1.png
    ────────────────────────────────────────────────────────────────────────────────────────────────

    attachment #2: video (video/webm) ──────────────────────────────────────────────────────────────
    test-results/sitepal-integration-SitePa-88623-l-script-and-embed-function-webkit/video.webm
    ────────────────────────────────────────────────────────────────────────────────────────────────

    Error Context: ../test-results/sitepal-integration-SitePa-88623-l-script-and-embed-function-webkit/error-context.md
]]>
</failure>
<system-out>
<![CDATA[
[[ATTACHMENT|sitepal-integration-SitePa-88623-l-script-and-embed-function-webkit/test-failed-1.png]]

[[ATTACHMENT|sitepal-integration-SitePa-88623-l-script-and-embed-function-webkit/video.webm]]

[[ATTACHMENT|sitepal-integration-SitePa-88623-l-script-and-embed-function-webkit/error-context.md]]
]]>
</system-out>
</testcase>
<testcase name="SitePal DOM Container Integration › should complete container initialization within timeout" classname="sitepal-integration.spec.ts" time="61.273">
<failure message="sitepal-integration.spec.ts:248:7 should complete container initialization within timeout" type="FAILURE">
<![CDATA[  [webkit] › sitepal-integration.spec.ts:248:7 › SitePal DOM Container Integration › should complete container initialization within timeout 

    TimeoutError: page.waitForSelector: Timeout 5000ms exceeded.
    Call log:
      - waiting for locator('[role="dialog"]') to be visible


      252 |     
      253 |     // Wait for modal to appear
    > 254 |     await page.waitForSelector('[role="dialog"]', { timeout: 5000 });
          |                ^
      255 |     
      256 |     // Clear console messages
      257 |     await helper.clearConsoleMessages();
        at /Users/boommac/Downloads/TAIC-Master/tests/sitepal-integration.spec.ts:254:16

    attachment #1: screenshot (image/png) ──────────────────────────────────────────────────────────
    test-results/sitepal-integration-SitePa-e2d86-itialization-within-timeout-webkit/test-failed-1.png
    ────────────────────────────────────────────────────────────────────────────────────────────────

    attachment #2: video (video/webm) ──────────────────────────────────────────────────────────────
    test-results/sitepal-integration-SitePa-e2d86-itialization-within-timeout-webkit/video.webm
    ────────────────────────────────────────────────────────────────────────────────────────────────

    Error Context: ../test-results/sitepal-integration-SitePa-e2d86-itialization-within-timeout-webkit/error-context.md
]]>
</failure>
<system-out>
<![CDATA[
[[ATTACHMENT|sitepal-integration-SitePa-e2d86-itialization-within-timeout-webkit/test-failed-1.png]]

[[ATTACHMENT|sitepal-integration-SitePa-e2d86-itialization-within-timeout-webkit/video.webm]]

[[ATTACHMENT|sitepal-integration-SitePa-e2d86-itialization-within-timeout-webkit/error-context.md]]
]]>
</system-out>
</testcase>
<testcase name="SitePal DOM Container Integration › should handle modal close and reopen without errors" classname="sitepal-integration.spec.ts" time="30.112">
<failure message="sitepal-integration.spec.ts:284:7 should handle modal close and reopen without errors" type="FAILURE">
<![CDATA[  [webkit] › sitepal-integration.spec.ts:284:7 › SitePal DOM Container Integration › should handle modal close and reopen without errors 

    TimeoutError: page.waitForSelector: Timeout 5000ms exceeded.
    Call log:
      - waiting for locator('[role="dialog"]') to be visible


      288 |     
      289 |     // Wait for modal to appear and initialize
    > 290 |     await page.waitForSelector('[role="dialog"]', { timeout: 5000 });
          |                ^
      291 |     await page.waitForTimeout(2000);
      292 |     
      293 |     // Close the modal
        at /Users/boommac/Downloads/TAIC-Master/tests/sitepal-integration.spec.ts:290:16

    attachment #1: screenshot (image/png) ──────────────────────────────────────────────────────────
    test-results/sitepal-integration-SitePa-0aa08-e-and-reopen-without-errors-webkit/test-failed-1.png
    ────────────────────────────────────────────────────────────────────────────────────────────────

    attachment #2: video (video/webm) ──────────────────────────────────────────────────────────────
    test-results/sitepal-integration-SitePa-0aa08-e-and-reopen-without-errors-webkit/video.webm
    ────────────────────────────────────────────────────────────────────────────────────────────────

    Error Context: ../test-results/sitepal-integration-SitePa-0aa08-e-and-reopen-without-errors-webkit/error-context.md
]]>
</failure>
<system-out>
<![CDATA[
[[ATTACHMENT|sitepal-integration-SitePa-0aa08-e-and-reopen-without-errors-webkit/test-failed-1.png]]

[[ATTACHMENT|sitepal-integration-SitePa-0aa08-e-and-reopen-without-errors-webkit/video.webm]]

[[ATTACHMENT|sitepal-integration-SitePa-0aa08-e-and-reopen-without-errors-webkit/error-context.md]]
]]>
</system-out>
</testcase>
<testcase name="SitePal DOM Container Integration › should not create infinite setTimeout loops" classname="sitepal-integration.spec.ts" time="33.712">
<failure message="sitepal-integration.spec.ts:318:7 should not create infinite setTimeout loops" type="FAILURE">
<![CDATA[  [webkit] › sitepal-integration.spec.ts:318:7 › SitePal DOM Container Integration › should not create infinite setTimeout loops 

    TimeoutError: page.waitForSelector: Timeout 5000ms exceeded.
    Call log:
      - waiting for locator('[role="dialog"]') to be visible


      334 |     
      335 |     // Wait for modal and initialization
    > 336 |     await page.waitForSelector('[role="dialog"]', { timeout: 5000 });
          |                ^
      337 |     await page.waitForTimeout(5000);
      338 |     
      339 |     // Check setTimeout call count
        at /Users/boommac/Downloads/TAIC-Master/tests/sitepal-integration.spec.ts:336:16

    attachment #1: screenshot (image/png) ──────────────────────────────────────────────────────────
    test-results/sitepal-integration-SitePa-91abf-e-infinite-setTimeout-loops-webkit/test-failed-1.png
    ────────────────────────────────────────────────────────────────────────────────────────────────

    attachment #2: video (video/webm) ──────────────────────────────────────────────────────────────
    test-results/sitepal-integration-SitePa-91abf-e-infinite-setTimeout-loops-webkit/video.webm
    ────────────────────────────────────────────────────────────────────────────────────────────────

    Error Context: ../test-results/sitepal-integration-SitePa-91abf-e-infinite-setTimeout-loops-webkit/error-context.md
]]>
</failure>
<system-out>
<![CDATA[
[[ATTACHMENT|sitepal-integration-SitePa-91abf-e-infinite-setTimeout-loops-webkit/test-failed-1.png]]

[[ATTACHMENT|sitepal-integration-SitePa-91abf-e-infinite-setTimeout-loops-webkit/video.webm]]

[[ATTACHMENT|sitepal-integration-SitePa-91abf-e-infinite-setTimeout-loops-webkit/error-context.md]]
]]>
</system-out>
</testcase>
</testsuite>
<testsuite name="sitepal-integration.spec.ts" timestamp="2025-07-04T21:51:49.265Z" hostname="Mobile Chrome" tests="8" failures="7" skipped="0" time="95.107" errors="0">
<testcase name="SitePal DOM Container Integration › should load home page without console errors" classname="sitepal-integration.spec.ts" time="19.019">
</testcase>
<testcase name="SitePal DOM Container Integration › should find Start AI Presentation button and open SitePal modal" classname="sitepal-integration.spec.ts" time="11.011">
<failure message="sitepal-integration.spec.ts:151:7 should find Start AI Presentation button and open SitePal modal" type="FAILURE">
<![CDATA[  [Mobile Chrome] › sitepal-integration.spec.ts:151:7 › SitePal DOM Container Integration › should find Start AI Presentation button and open SitePal modal 

    TimeoutError: page.waitForSelector: Timeout 5000ms exceeded.
    Call log:
      - waiting for locator('[role="dialog"]') to be visible


      158 |
      159 |     // Wait for modal to appear
    > 160 |     await page.waitForSelector('[role="dialog"]', { timeout: 5000 });
          |                ^
      161 |
      162 |     // Verify modal is visible
      163 |     const modal = page.locator('[role="dialog"]');
        at /Users/boommac/Downloads/TAIC-Master/tests/sitepal-integration.spec.ts:160:16

    attachment #1: screenshot (image/png) ──────────────────────────────────────────────────────────
    test-results/sitepal-integration-SitePa-a86b7-tton-and-open-SitePal-modal-Mobile-Chrome/test-failed-1.png
    ────────────────────────────────────────────────────────────────────────────────────────────────

    attachment #2: video (video/webm) ──────────────────────────────────────────────────────────────
    test-results/sitepal-integration-SitePa-a86b7-tton-and-open-SitePal-modal-Mobile-Chrome/video.webm
    ────────────────────────────────────────────────────────────────────────────────────────────────

    Error Context: ../test-results/sitepal-integration-SitePa-a86b7-tton-and-open-SitePal-modal-Mobile-Chrome/error-context.md
]]>
</failure>
<system-out>
<![CDATA[
[[ATTACHMENT|sitepal-integration-SitePa-a86b7-tton-and-open-SitePal-modal-Mobile-Chrome/test-failed-1.png]]

[[ATTACHMENT|sitepal-integration-SitePa-a86b7-tton-and-open-SitePal-modal-Mobile-Chrome/video.webm]]

[[ATTACHMENT|sitepal-integration-SitePa-a86b7-tton-and-open-SitePal-modal-Mobile-Chrome/error-context.md]]
]]>
</system-out>
</testcase>
<testcase name="SitePal DOM Container Integration › should initialize DOM container without infinite retry loops" classname="sitepal-integration.spec.ts" time="11.5">
<failure message="sitepal-integration.spec.ts:167:7 should initialize DOM container without infinite retry loops" type="FAILURE">
<![CDATA[  [Mobile Chrome] › sitepal-integration.spec.ts:167:7 › SitePal DOM Container Integration › should initialize DOM container without infinite retry loops 

    TimeoutError: page.waitForSelector: Timeout 5000ms exceeded.
    Call log:
      - waiting for locator('[role="dialog"]') to be visible


      171 |     
      172 |     // Wait for modal to appear
    > 173 |     await page.waitForSelector('[role="dialog"]', { timeout: 5000 });
          |                ^
      174 |     
      175 |     // Clear console messages before container initialization
      176 |     await helper.clearConsoleMessages();
        at /Users/boommac/Downloads/TAIC-Master/tests/sitepal-integration.spec.ts:173:16

    attachment #1: screenshot (image/png) ──────────────────────────────────────────────────────────
    test-results/sitepal-integration-SitePa-98ab2-ithout-infinite-retry-loops-Mobile-Chrome/test-failed-1.png
    ────────────────────────────────────────────────────────────────────────────────────────────────

    attachment #2: video (video/webm) ──────────────────────────────────────────────────────────────
    test-results/sitepal-integration-SitePa-98ab2-ithout-infinite-retry-loops-Mobile-Chrome/video.webm
    ────────────────────────────────────────────────────────────────────────────────────────────────

    Error Context: ../test-results/sitepal-integration-SitePa-98ab2-ithout-infinite-retry-loops-Mobile-Chrome/error-context.md
]]>
</failure>
<system-out>
<![CDATA[
[[ATTACHMENT|sitepal-integration-SitePa-98ab2-ithout-infinite-retry-loops-Mobile-Chrome/test-failed-1.png]]

[[ATTACHMENT|sitepal-integration-SitePa-98ab2-ithout-infinite-retry-loops-Mobile-Chrome/video.webm]]

[[ATTACHMENT|sitepal-integration-SitePa-98ab2-ithout-infinite-retry-loops-Mobile-Chrome/error-context.md]]
]]>
</system-out>
</testcase>
<testcase name="SitePal DOM Container Integration › should create DOM container with correct ID and properties" classname="sitepal-integration.spec.ts" time="10.207">
<failure message="sitepal-integration.spec.ts:199:7 should create DOM container with correct ID and properties" type="FAILURE">
<![CDATA[  [Mobile Chrome] › sitepal-integration.spec.ts:199:7 › SitePal DOM Container Integration › should create DOM container with correct ID and properties 

    TimeoutError: page.waitForSelector: Timeout 5000ms exceeded.
    Call log:
      - waiting for locator('[role="dialog"]') to be visible


      203 |     
      204 |     // Wait for modal and container initialization
    > 205 |     await page.waitForSelector('[role="dialog"]', { timeout: 5000 });
          |                ^
      206 |     await page.waitForTimeout(2000);
      207 |     
      208 |     // Check for both possible container IDs
        at /Users/boommac/Downloads/TAIC-Master/tests/sitepal-integration.spec.ts:205:16

    attachment #1: screenshot (image/png) ──────────────────────────────────────────────────────────
    test-results/sitepal-integration-SitePa-ecc5e-h-correct-ID-and-properties-Mobile-Chrome/test-failed-1.png
    ────────────────────────────────────────────────────────────────────────────────────────────────

    attachment #2: video (video/webm) ──────────────────────────────────────────────────────────────
    test-results/sitepal-integration-SitePa-ecc5e-h-correct-ID-and-properties-Mobile-Chrome/video.webm
    ────────────────────────────────────────────────────────────────────────────────────────────────

    Error Context: ../test-results/sitepal-integration-SitePa-ecc5e-h-correct-ID-and-properties-Mobile-Chrome/error-context.md
]]>
</failure>
<system-out>
<![CDATA[
[[ATTACHMENT|sitepal-integration-SitePa-ecc5e-h-correct-ID-and-properties-Mobile-Chrome/test-failed-1.png]]

[[ATTACHMENT|sitepal-integration-SitePa-ecc5e-h-correct-ID-and-properties-Mobile-Chrome/video.webm]]

[[ATTACHMENT|sitepal-integration-SitePa-ecc5e-h-correct-ID-and-properties-Mobile-Chrome/error-context.md]]
]]>
</system-out>
</testcase>
<testcase name="SitePal DOM Container Integration › should load SitePal script and embed function" classname="sitepal-integration.spec.ts" time="9.445">
<failure message="sitepal-integration.spec.ts:229:7 should load SitePal script and embed function" type="FAILURE">
<![CDATA[  [Mobile Chrome] › sitepal-integration.spec.ts:229:7 › SitePal DOM Container Integration › should load SitePal script and embed function 

    TimeoutError: page.waitForSelector: Timeout 5000ms exceeded.
    Call log:
      - waiting for locator('[role="dialog"]') to be visible


      233 |     
      234 |     // Wait for modal to appear
    > 235 |     await page.waitForSelector('[role="dialog"]', { timeout: 5000 });
          |                ^
      236 |     
      237 |     // Wait for SitePal script to load
      238 |     const scriptLoaded = await helper.waitForSitePalScript();
        at /Users/boommac/Downloads/TAIC-Master/tests/sitepal-integration.spec.ts:235:16

    attachment #1: screenshot (image/png) ──────────────────────────────────────────────────────────
    test-results/sitepal-integration-SitePa-88623-l-script-and-embed-function-Mobile-Chrome/test-failed-1.png
    ────────────────────────────────────────────────────────────────────────────────────────────────

    attachment #2: video (video/webm) ──────────────────────────────────────────────────────────────
    test-results/sitepal-integration-SitePa-88623-l-script-and-embed-function-Mobile-Chrome/video.webm
    ────────────────────────────────────────────────────────────────────────────────────────────────

    Error Context: ../test-results/sitepal-integration-SitePa-88623-l-script-and-embed-function-Mobile-Chrome/error-context.md
]]>
</failure>
<system-out>
<![CDATA[
[[ATTACHMENT|sitepal-integration-SitePa-88623-l-script-and-embed-function-Mobile-Chrome/test-failed-1.png]]

[[ATTACHMENT|sitepal-integration-SitePa-88623-l-script-and-embed-function-Mobile-Chrome/video.webm]]

[[ATTACHMENT|sitepal-integration-SitePa-88623-l-script-and-embed-function-Mobile-Chrome/error-context.md]]
]]>
</system-out>
</testcase>
<testcase name="SitePal DOM Container Integration › should complete container initialization within timeout" classname="sitepal-integration.spec.ts" time="10.79">
<failure message="sitepal-integration.spec.ts:248:7 should complete container initialization within timeout" type="FAILURE">
<![CDATA[  [Mobile Chrome] › sitepal-integration.spec.ts:248:7 › SitePal DOM Container Integration › should complete container initialization within timeout 

    TimeoutError: page.waitForSelector: Timeout 5000ms exceeded.
    Call log:
      - waiting for locator('[role="dialog"]') to be visible


      252 |     
      253 |     // Wait for modal to appear
    > 254 |     await page.waitForSelector('[role="dialog"]', { timeout: 5000 });
          |                ^
      255 |     
      256 |     // Clear console messages
      257 |     await helper.clearConsoleMessages();
        at /Users/boommac/Downloads/TAIC-Master/tests/sitepal-integration.spec.ts:254:16

    attachment #1: screenshot (image/png) ──────────────────────────────────────────────────────────
    test-results/sitepal-integration-SitePa-e2d86-itialization-within-timeout-Mobile-Chrome/test-failed-1.png
    ────────────────────────────────────────────────────────────────────────────────────────────────

    attachment #2: video (video/webm) ──────────────────────────────────────────────────────────────
    test-results/sitepal-integration-SitePa-e2d86-itialization-within-timeout-Mobile-Chrome/video.webm
    ────────────────────────────────────────────────────────────────────────────────────────────────

    Error Context: ../test-results/sitepal-integration-SitePa-e2d86-itialization-within-timeout-Mobile-Chrome/error-context.md
]]>
</failure>
<system-out>
<![CDATA[
[[ATTACHMENT|sitepal-integration-SitePa-e2d86-itialization-within-timeout-Mobile-Chrome/test-failed-1.png]]

[[ATTACHMENT|sitepal-integration-SitePa-e2d86-itialization-within-timeout-Mobile-Chrome/video.webm]]

[[ATTACHMENT|sitepal-integration-SitePa-e2d86-itialization-within-timeout-Mobile-Chrome/error-context.md]]
]]>
</system-out>
</testcase>
<testcase name="SitePal DOM Container Integration › should handle modal close and reopen without errors" classname="sitepal-integration.spec.ts" time="10.088">
<failure message="sitepal-integration.spec.ts:284:7 should handle modal close and reopen without errors" type="FAILURE">
<![CDATA[  [Mobile Chrome] › sitepal-integration.spec.ts:284:7 › SitePal DOM Container Integration › should handle modal close and reopen without errors 

    TimeoutError: page.waitForSelector: Timeout 5000ms exceeded.
    Call log:
      - waiting for locator('[role="dialog"]') to be visible


      288 |     
      289 |     // Wait for modal to appear and initialize
    > 290 |     await page.waitForSelector('[role="dialog"]', { timeout: 5000 });
          |                ^
      291 |     await page.waitForTimeout(2000);
      292 |     
      293 |     // Close the modal
        at /Users/boommac/Downloads/TAIC-Master/tests/sitepal-integration.spec.ts:290:16

    attachment #1: screenshot (image/png) ──────────────────────────────────────────────────────────
    test-results/sitepal-integration-SitePa-0aa08-e-and-reopen-without-errors-Mobile-Chrome/test-failed-1.png
    ────────────────────────────────────────────────────────────────────────────────────────────────

    attachment #2: video (video/webm) ──────────────────────────────────────────────────────────────
    test-results/sitepal-integration-SitePa-0aa08-e-and-reopen-without-errors-Mobile-Chrome/video.webm
    ────────────────────────────────────────────────────────────────────────────────────────────────

    Error Context: ../test-results/sitepal-integration-SitePa-0aa08-e-and-reopen-without-errors-Mobile-Chrome/error-context.md
]]>
</failure>
<system-out>
<![CDATA[
[[ATTACHMENT|sitepal-integration-SitePa-0aa08-e-and-reopen-without-errors-Mobile-Chrome/test-failed-1.png]]

[[ATTACHMENT|sitepal-integration-SitePa-0aa08-e-and-reopen-without-errors-Mobile-Chrome/video.webm]]

[[ATTACHMENT|sitepal-integration-SitePa-0aa08-e-and-reopen-without-errors-Mobile-Chrome/error-context.md]]
]]>
</system-out>
</testcase>
<testcase name="SitePal DOM Container Integration › should not create infinite setTimeout loops" classname="sitepal-integration.spec.ts" time="13.047">
<failure message="sitepal-integration.spec.ts:318:7 should not create infinite setTimeout loops" type="FAILURE">
<![CDATA[  [Mobile Chrome] › sitepal-integration.spec.ts:318:7 › SitePal DOM Container Integration › should not create infinite setTimeout loops 

    TimeoutError: page.waitForSelector: Timeout 5000ms exceeded.
    Call log:
      - waiting for locator('[role="dialog"]') to be visible


      334 |     
      335 |     // Wait for modal and initialization
    > 336 |     await page.waitForSelector('[role="dialog"]', { timeout: 5000 });
          |                ^
      337 |     await page.waitForTimeout(5000);
      338 |     
      339 |     // Check setTimeout call count
        at /Users/boommac/Downloads/TAIC-Master/tests/sitepal-integration.spec.ts:336:16

    attachment #1: screenshot (image/png) ──────────────────────────────────────────────────────────
    test-results/sitepal-integration-SitePa-91abf-e-infinite-setTimeout-loops-Mobile-Chrome/test-failed-1.png
    ────────────────────────────────────────────────────────────────────────────────────────────────

    attachment #2: video (video/webm) ──────────────────────────────────────────────────────────────
    test-results/sitepal-integration-SitePa-91abf-e-infinite-setTimeout-loops-Mobile-Chrome/video.webm
    ────────────────────────────────────────────────────────────────────────────────────────────────

    Error Context: ../test-results/sitepal-integration-SitePa-91abf-e-infinite-setTimeout-loops-Mobile-Chrome/error-context.md
]]>
</failure>
<system-out>
<![CDATA[
[[ATTACHMENT|sitepal-integration-SitePa-91abf-e-infinite-setTimeout-loops-Mobile-Chrome/test-failed-1.png]]

[[ATTACHMENT|sitepal-integration-SitePa-91abf-e-infinite-setTimeout-loops-Mobile-Chrome/video.webm]]

[[ATTACHMENT|sitepal-integration-SitePa-91abf-e-infinite-setTimeout-loops-Mobile-Chrome/error-context.md]]
]]>
</system-out>
</testcase>
</testsuite>
<testsuite name="sitepal-integration.spec.ts" timestamp="2025-07-04T21:51:49.265Z" hostname="Mobile Safari" tests="8" failures="8" skipped="0" time="184.727" errors="0">
<testcase name="SitePal DOM Container Integration › should load home page without console errors" classname="sitepal-integration.spec.ts" time="37.081">
<failure message="sitepal-integration.spec.ts:136:7 should load home page without console errors" type="FAILURE">
<![CDATA[  [Mobile Safari] › sitepal-integration.spec.ts:136:7 › SitePal DOM Container Integration › should load home page without console errors 

    TimeoutError: page.waitForLoadState: Timeout 30000ms exceeded.

      136 |   test('should load home page without console errors', async ({ page }) => {
      137 |     // Wait for page to fully load
    > 138 |     await page.waitForLoadState('networkidle');
          |                ^
      139 |     
      140 |     // Check for any JavaScript errors
      141 |     const errorMessages = await helper.getConsoleMessages('error');
        at /Users/boommac/Downloads/TAIC-Master/tests/sitepal-integration.spec.ts:138:16

    attachment #1: screenshot (image/png) ──────────────────────────────────────────────────────────
    test-results/sitepal-integration-SitePa-e7f89-page-without-console-errors-Mobile-Safari/test-failed-1.png
    ────────────────────────────────────────────────────────────────────────────────────────────────

    attachment #2: video (video/webm) ──────────────────────────────────────────────────────────────
    test-results/sitepal-integration-SitePa-e7f89-page-without-console-errors-Mobile-Safari/video.webm
    ────────────────────────────────────────────────────────────────────────────────────────────────

    Error Context: ../test-results/sitepal-integration-SitePa-e7f89-page-without-console-errors-Mobile-Safari/error-context.md
]]>
</failure>
<system-out>
<![CDATA[
[[ATTACHMENT|sitepal-integration-SitePa-e7f89-page-without-console-errors-Mobile-Safari/test-failed-1.png]]

[[ATTACHMENT|sitepal-integration-SitePa-e7f89-page-without-console-errors-Mobile-Safari/video.webm]]

[[ATTACHMENT|sitepal-integration-SitePa-e7f89-page-without-console-errors-Mobile-Safari/error-context.md]]
]]>
</system-out>
</testcase>
<testcase name="SitePal DOM Container Integration › should find Start AI Presentation button and open SitePal modal" classname="sitepal-integration.spec.ts" time="10.317">
<failure message="sitepal-integration.spec.ts:151:7 should find Start AI Presentation button and open SitePal modal" type="FAILURE">
<![CDATA[  [Mobile Safari] › sitepal-integration.spec.ts:151:7 › SitePal DOM Container Integration › should find Start AI Presentation button and open SitePal modal 

    TimeoutError: page.waitForSelector: Timeout 5000ms exceeded.
    Call log:
      - waiting for locator('[role="dialog"]') to be visible


      158 |
      159 |     // Wait for modal to appear
    > 160 |     await page.waitForSelector('[role="dialog"]', { timeout: 5000 });
          |                ^
      161 |
      162 |     // Verify modal is visible
      163 |     const modal = page.locator('[role="dialog"]');
        at /Users/boommac/Downloads/TAIC-Master/tests/sitepal-integration.spec.ts:160:16

    attachment #1: screenshot (image/png) ──────────────────────────────────────────────────────────
    test-results/sitepal-integration-SitePa-a86b7-tton-and-open-SitePal-modal-Mobile-Safari/test-failed-1.png
    ────────────────────────────────────────────────────────────────────────────────────────────────

    attachment #2: video (video/webm) ──────────────────────────────────────────────────────────────
    test-results/sitepal-integration-SitePa-a86b7-tton-and-open-SitePal-modal-Mobile-Safari/video.webm
    ────────────────────────────────────────────────────────────────────────────────────────────────

    Error Context: ../test-results/sitepal-integration-SitePa-a86b7-tton-and-open-SitePal-modal-Mobile-Safari/error-context.md
]]>
</failure>
<system-out>
<![CDATA[
[[ATTACHMENT|sitepal-integration-SitePa-a86b7-tton-and-open-SitePal-modal-Mobile-Safari/test-failed-1.png]]

[[ATTACHMENT|sitepal-integration-SitePa-a86b7-tton-and-open-SitePal-modal-Mobile-Safari/video.webm]]

[[ATTACHMENT|sitepal-integration-SitePa-a86b7-tton-and-open-SitePal-modal-Mobile-Safari/error-context.md]]
]]>
</system-out>
</testcase>
<testcase name="SitePal DOM Container Integration › should initialize DOM container without infinite retry loops" classname="sitepal-integration.spec.ts" time="20.897">
<failure message="sitepal-integration.spec.ts:167:7 should initialize DOM container without infinite retry loops" type="FAILURE">
<![CDATA[  [Mobile Safari] › sitepal-integration.spec.ts:167:7 › SitePal DOM Container Integration › should initialize DOM container without infinite retry loops 

    TimeoutError: page.waitForSelector: Timeout 5000ms exceeded.
    Call log:
      - waiting for locator('[role="dialog"]') to be visible


      171 |     
      172 |     // Wait for modal to appear
    > 173 |     await page.waitForSelector('[role="dialog"]', { timeout: 5000 });
          |                ^
      174 |     
      175 |     // Clear console messages before container initialization
      176 |     await helper.clearConsoleMessages();
        at /Users/boommac/Downloads/TAIC-Master/tests/sitepal-integration.spec.ts:173:16

    attachment #1: screenshot (image/png) ──────────────────────────────────────────────────────────
    test-results/sitepal-integration-SitePa-98ab2-ithout-infinite-retry-loops-Mobile-Safari/test-failed-1.png
    ────────────────────────────────────────────────────────────────────────────────────────────────

    attachment #2: video (video/webm) ──────────────────────────────────────────────────────────────
    test-results/sitepal-integration-SitePa-98ab2-ithout-infinite-retry-loops-Mobile-Safari/video.webm
    ────────────────────────────────────────────────────────────────────────────────────────────────

    Error Context: ../test-results/sitepal-integration-SitePa-98ab2-ithout-infinite-retry-loops-Mobile-Safari/error-context.md
]]>
</failure>
<system-out>
<![CDATA[
[[ATTACHMENT|sitepal-integration-SitePa-98ab2-ithout-infinite-retry-loops-Mobile-Safari/test-failed-1.png]]

[[ATTACHMENT|sitepal-integration-SitePa-98ab2-ithout-infinite-retry-loops-Mobile-Safari/video.webm]]

[[ATTACHMENT|sitepal-integration-SitePa-98ab2-ithout-infinite-retry-loops-Mobile-Safari/error-context.md]]
]]>
</system-out>
</testcase>
<testcase name="SitePal DOM Container Integration › should create DOM container with correct ID and properties" classname="sitepal-integration.spec.ts" time="36.181">
<failure message="sitepal-integration.spec.ts:199:7 should create DOM container with correct ID and properties" type="FAILURE">
<![CDATA[  [Mobile Safari] › sitepal-integration.spec.ts:199:7 › SitePal DOM Container Integration › should create DOM container with correct ID and properties 

    TimeoutError: page.goto: Timeout 30000ms exceeded.
    Call log:
      - navigating to "http://localhost:9002/", waiting until "load"


      130 |   test.beforeEach(async ({ page }) => {
      131 |     helper = new SitePalTestHelper(page);
    > 132 |     await page.goto('/');
          |                ^
      133 |     await helper.clearConsoleMessages();
      134 |   });
      135 |
        at /Users/boommac/Downloads/TAIC-Master/tests/sitepal-integration.spec.ts:132:16

    attachment #1: video (video/webm) ──────────────────────────────────────────────────────────────
    test-results/sitepal-integration-SitePa-ecc5e-h-correct-ID-and-properties-Mobile-Safari/video.webm
    ────────────────────────────────────────────────────────────────────────────────────────────────

    Error Context: ../test-results/sitepal-integration-SitePa-ecc5e-h-correct-ID-and-properties-Mobile-Safari/error-context.md
]]>
</failure>
<system-out>
<![CDATA[
[[ATTACHMENT|sitepal-integration-SitePa-ecc5e-h-correct-ID-and-properties-Mobile-Safari/video.webm]]

[[ATTACHMENT|sitepal-integration-SitePa-ecc5e-h-correct-ID-and-properties-Mobile-Safari/error-context.md]]
]]>
</system-out>
</testcase>
<testcase name="SitePal DOM Container Integration › should load SitePal script and embed function" classname="sitepal-integration.spec.ts" time="33.792">
<failure message="sitepal-integration.spec.ts:229:7 should load SitePal script and embed function" type="FAILURE">
<![CDATA[  [Mobile Safari] › sitepal-integration.spec.ts:229:7 › SitePal DOM Container Integration › should load SitePal script and embed function 

    TimeoutError: page.goto: Timeout 30000ms exceeded.
    Call log:
      - navigating to "http://localhost:9002/", waiting until "load"


      130 |   test.beforeEach(async ({ page }) => {
      131 |     helper = new SitePalTestHelper(page);
    > 132 |     await page.goto('/');
          |                ^
      133 |     await helper.clearConsoleMessages();
      134 |   });
      135 |
        at /Users/boommac/Downloads/TAIC-Master/tests/sitepal-integration.spec.ts:132:16

    attachment #1: screenshot (image/png) ──────────────────────────────────────────────────────────
    test-results/sitepal-integration-SitePa-88623-l-script-and-embed-function-Mobile-Safari/test-failed-1.png
    ────────────────────────────────────────────────────────────────────────────────────────────────

    attachment #2: video (video/webm) ──────────────────────────────────────────────────────────────
    test-results/sitepal-integration-SitePa-88623-l-script-and-embed-function-Mobile-Safari/video.webm
    ────────────────────────────────────────────────────────────────────────────────────────────────
]]>
</failure>
<system-out>
<![CDATA[
[[ATTACHMENT|sitepal-integration-SitePa-88623-l-script-and-embed-function-Mobile-Safari/test-failed-1.png]]

[[ATTACHMENT|sitepal-integration-SitePa-88623-l-script-and-embed-function-Mobile-Safari/video.webm]]
]]>
</system-out>
</testcase>
<testcase name="SitePal DOM Container Integration › should complete container initialization within timeout" classname="sitepal-integration.spec.ts" time="10.699">
<failure message="sitepal-integration.spec.ts:248:7 should complete container initialization within timeout" type="FAILURE">
<![CDATA[  [Mobile Safari] › sitepal-integration.spec.ts:248:7 › SitePal DOM Container Integration › should complete container initialization within timeout 

    TimeoutError: page.waitForSelector: Timeout 5000ms exceeded.
    Call log:
      - waiting for locator('[role="dialog"]') to be visible


      252 |     
      253 |     // Wait for modal to appear
    > 254 |     await page.waitForSelector('[role="dialog"]', { timeout: 5000 });
          |                ^
      255 |     
      256 |     // Clear console messages
      257 |     await helper.clearConsoleMessages();
        at /Users/boommac/Downloads/TAIC-Master/tests/sitepal-integration.spec.ts:254:16

    attachment #1: screenshot (image/png) ──────────────────────────────────────────────────────────
    test-results/sitepal-integration-SitePa-e2d86-itialization-within-timeout-Mobile-Safari/test-failed-1.png
    ────────────────────────────────────────────────────────────────────────────────────────────────

    attachment #2: video (video/webm) ──────────────────────────────────────────────────────────────
    test-results/sitepal-integration-SitePa-e2d86-itialization-within-timeout-Mobile-Safari/video.webm
    ────────────────────────────────────────────────────────────────────────────────────────────────

    Error Context: ../test-results/sitepal-integration-SitePa-e2d86-itialization-within-timeout-Mobile-Safari/error-context.md
]]>
</failure>
<system-out>
<![CDATA[
[[ATTACHMENT|sitepal-integration-SitePa-e2d86-itialization-within-timeout-Mobile-Safari/test-failed-1.png]]

[[ATTACHMENT|sitepal-integration-SitePa-e2d86-itialization-within-timeout-Mobile-Safari/video.webm]]

[[ATTACHMENT|sitepal-integration-SitePa-e2d86-itialization-within-timeout-Mobile-Safari/error-context.md]]
]]>
</system-out>
</testcase>
<testcase name="SitePal DOM Container Integration › should handle modal close and reopen without errors" classname="sitepal-integration.spec.ts" time="23.98">
<failure message="sitepal-integration.spec.ts:284:7 should handle modal close and reopen without errors" type="FAILURE">
<![CDATA[  [Mobile Safari] › sitepal-integration.spec.ts:284:7 › SitePal DOM Container Integration › should handle modal close and reopen without errors 

    TimeoutError: page.waitForSelector: Timeout 5000ms exceeded.
    Call log:
      - waiting for locator('[role="dialog"]') to be visible


      288 |     
      289 |     // Wait for modal to appear and initialize
    > 290 |     await page.waitForSelector('[role="dialog"]', { timeout: 5000 });
          |                ^
      291 |     await page.waitForTimeout(2000);
      292 |     
      293 |     // Close the modal
        at /Users/boommac/Downloads/TAIC-Master/tests/sitepal-integration.spec.ts:290:16

    attachment #1: screenshot (image/png) ──────────────────────────────────────────────────────────
    test-results/sitepal-integration-SitePa-0aa08-e-and-reopen-without-errors-Mobile-Safari/test-failed-1.png
    ────────────────────────────────────────────────────────────────────────────────────────────────

    attachment #2: video (video/webm) ──────────────────────────────────────────────────────────────
    test-results/sitepal-integration-SitePa-0aa08-e-and-reopen-without-errors-Mobile-Safari/video.webm
    ────────────────────────────────────────────────────────────────────────────────────────────────

    Error Context: ../test-results/sitepal-integration-SitePa-0aa08-e-and-reopen-without-errors-Mobile-Safari/error-context.md
]]>
</failure>
<system-out>
<![CDATA[
[[ATTACHMENT|sitepal-integration-SitePa-0aa08-e-and-reopen-without-errors-Mobile-Safari/test-failed-1.png]]

[[ATTACHMENT|sitepal-integration-SitePa-0aa08-e-and-reopen-without-errors-Mobile-Safari/video.webm]]

[[ATTACHMENT|sitepal-integration-SitePa-0aa08-e-and-reopen-without-errors-Mobile-Safari/error-context.md]]
]]>
</system-out>
</testcase>
<testcase name="SitePal DOM Container Integration › should not create infinite setTimeout loops" classname="sitepal-integration.spec.ts" time="11.78">
<failure message="sitepal-integration.spec.ts:318:7 should not create infinite setTimeout loops" type="FAILURE">
<![CDATA[  [Mobile Safari] › sitepal-integration.spec.ts:318:7 › SitePal DOM Container Integration › should not create infinite setTimeout loops 

    TimeoutError: page.waitForSelector: Timeout 5000ms exceeded.
    Call log:
      - waiting for locator('[role="dialog"]') to be visible


      334 |     
      335 |     // Wait for modal and initialization
    > 336 |     await page.waitForSelector('[role="dialog"]', { timeout: 5000 });
          |                ^
      337 |     await page.waitForTimeout(5000);
      338 |     
      339 |     // Check setTimeout call count
        at /Users/boommac/Downloads/TAIC-Master/tests/sitepal-integration.spec.ts:336:16

    attachment #1: screenshot (image/png) ──────────────────────────────────────────────────────────
    test-results/sitepal-integration-SitePa-91abf-e-infinite-setTimeout-loops-Mobile-Safari/test-failed-1.png
    ────────────────────────────────────────────────────────────────────────────────────────────────

    attachment #2: video (video/webm) ──────────────────────────────────────────────────────────────
    test-results/sitepal-integration-SitePa-91abf-e-infinite-setTimeout-loops-Mobile-Safari/video.webm
    ────────────────────────────────────────────────────────────────────────────────────────────────

    Error Context: ../test-results/sitepal-integration-SitePa-91abf-e-infinite-setTimeout-loops-Mobile-Safari/error-context.md
]]>
</failure>
<system-out>
<![CDATA[
[[ATTACHMENT|sitepal-integration-SitePa-91abf-e-infinite-setTimeout-loops-Mobile-Safari/test-failed-1.png]]

[[ATTACHMENT|sitepal-integration-SitePa-91abf-e-infinite-setTimeout-loops-Mobile-Safari/video.webm]]

[[ATTACHMENT|sitepal-integration-SitePa-91abf-e-infinite-setTimeout-loops-Mobile-Safari/error-context.md]]
]]>
</system-out>
</testcase>
</testsuite>
<testsuite name="sitepal-integration.spec.ts" timestamp="2025-07-04T21:51:49.265Z" hostname="Microsoft Edge" tests="8" failures="8" skipped="0" time="130.425" errors="0">
<testcase name="SitePal DOM Container Integration › should load home page without console errors" classname="sitepal-integration.spec.ts" time="38.998">
<failure message="sitepal-integration.spec.ts:136:7 should load home page without console errors" type="FAILURE">
<![CDATA[  [Microsoft Edge] › sitepal-integration.spec.ts:136:7 › SitePal DOM Container Integration › should load home page without console errors 

    TimeoutError: page.waitForLoadState: Timeout 30000ms exceeded.

      136 |   test('should load home page without console errors', async ({ page }) => {
      137 |     // Wait for page to fully load
    > 138 |     await page.waitForLoadState('networkidle');
          |                ^
      139 |     
      140 |     // Check for any JavaScript errors
      141 |     const errorMessages = await helper.getConsoleMessages('error');
        at /Users/boommac/Downloads/TAIC-Master/tests/sitepal-integration.spec.ts:138:16

    attachment #1: screenshot (image/png) ──────────────────────────────────────────────────────────
    test-results/sitepal-integration-SitePa-e7f89-page-without-console-errors-Microsoft-Edge/test-failed-1.png
    ────────────────────────────────────────────────────────────────────────────────────────────────

    attachment #2: video (video/webm) ──────────────────────────────────────────────────────────────
    test-results/sitepal-integration-SitePa-e7f89-page-without-console-errors-Microsoft-Edge/video.webm
    ────────────────────────────────────────────────────────────────────────────────────────────────

    Error Context: ../test-results/sitepal-integration-SitePa-e7f89-page-without-console-errors-Microsoft-Edge/error-context.md
]]>
</failure>
<system-out>
<![CDATA[
[[ATTACHMENT|sitepal-integration-SitePa-e7f89-page-without-console-errors-Microsoft-Edge/test-failed-1.png]]

[[ATTACHMENT|sitepal-integration-SitePa-e7f89-page-without-console-errors-Microsoft-Edge/video.webm]]

[[ATTACHMENT|sitepal-integration-SitePa-e7f89-page-without-console-errors-Microsoft-Edge/error-context.md]]
]]>
</system-out>
</testcase>
<testcase name="SitePal DOM Container Integration › should find Start AI Presentation button and open SitePal modal" classname="sitepal-integration.spec.ts" time="21.778">
<failure message="sitepal-integration.spec.ts:151:7 should find Start AI Presentation button and open SitePal modal" type="FAILURE">
<![CDATA[  [Microsoft Edge] › sitepal-integration.spec.ts:151:7 › SitePal DOM Container Integration › should find Start AI Presentation button and open SitePal modal 

    TimeoutError: page.waitForSelector: Timeout 5000ms exceeded.
    Call log:
      - waiting for locator('[role="dialog"]') to be visible


      158 |
      159 |     // Wait for modal to appear
    > 160 |     await page.waitForSelector('[role="dialog"]', { timeout: 5000 });
          |                ^
      161 |
      162 |     // Verify modal is visible
      163 |     const modal = page.locator('[role="dialog"]');
        at /Users/boommac/Downloads/TAIC-Master/tests/sitepal-integration.spec.ts:160:16

    Error Context: ../test-results/sitepal-integration-SitePa-a86b7-tton-and-open-SitePal-modal-Microsoft-Edge/error-context.md
]]>
</failure>
<system-out>
<![CDATA[
[[ATTACHMENT|sitepal-integration-SitePa-a86b7-tton-and-open-SitePal-modal-Microsoft-Edge/error-context.md]]
]]>
</system-out>
</testcase>
<testcase name="SitePal DOM Container Integration › should initialize DOM container without infinite retry loops" classname="sitepal-integration.spec.ts" time="12.74">
<failure message="sitepal-integration.spec.ts:167:7 should initialize DOM container without infinite retry loops" type="FAILURE">
<![CDATA[  [Microsoft Edge] › sitepal-integration.spec.ts:167:7 › SitePal DOM Container Integration › should initialize DOM container without infinite retry loops 

    TimeoutError: page.waitForSelector: Timeout 5000ms exceeded.
    Call log:
      - waiting for locator('[role="dialog"]') to be visible


      171 |     
      172 |     // Wait for modal to appear
    > 173 |     await page.waitForSelector('[role="dialog"]', { timeout: 5000 });
          |                ^
      174 |     
      175 |     // Clear console messages before container initialization
      176 |     await helper.clearConsoleMessages();
        at /Users/boommac/Downloads/TAIC-Master/tests/sitepal-integration.spec.ts:173:16

    attachment #1: screenshot (image/png) ──────────────────────────────────────────────────────────
    test-results/sitepal-integration-SitePa-98ab2-ithout-infinite-retry-loops-Microsoft-Edge/test-failed-1.png
    ────────────────────────────────────────────────────────────────────────────────────────────────

    attachment #2: video (video/webm) ──────────────────────────────────────────────────────────────
    test-results/sitepal-integration-SitePa-98ab2-ithout-infinite-retry-loops-Microsoft-Edge/video.webm
    ────────────────────────────────────────────────────────────────────────────────────────────────

    Error Context: ../test-results/sitepal-integration-SitePa-98ab2-ithout-infinite-retry-loops-Microsoft-Edge/error-context.md
]]>
</failure>
<system-out>
<![CDATA[
[[ATTACHMENT|sitepal-integration-SitePa-98ab2-ithout-infinite-retry-loops-Microsoft-Edge/test-failed-1.png]]

[[ATTACHMENT|sitepal-integration-SitePa-98ab2-ithout-infinite-retry-loops-Microsoft-Edge/video.webm]]

[[ATTACHMENT|sitepal-integration-SitePa-98ab2-ithout-infinite-retry-loops-Microsoft-Edge/error-context.md]]
]]>
</system-out>
</testcase>
<testcase name="SitePal DOM Container Integration › should create DOM container with correct ID and properties" classname="sitepal-integration.spec.ts" time="11.198">
<failure message="sitepal-integration.spec.ts:199:7 should create DOM container with correct ID and properties" type="FAILURE">
<![CDATA[  [Microsoft Edge] › sitepal-integration.spec.ts:199:7 › SitePal DOM Container Integration › should create DOM container with correct ID and properties 

    TimeoutError: page.waitForSelector: Timeout 5000ms exceeded.
    Call log:
      - waiting for locator('[role="dialog"]') to be visible


      203 |     
      204 |     // Wait for modal and container initialization
    > 205 |     await page.waitForSelector('[role="dialog"]', { timeout: 5000 });
          |                ^
      206 |     await page.waitForTimeout(2000);
      207 |     
      208 |     // Check for both possible container IDs
        at /Users/boommac/Downloads/TAIC-Master/tests/sitepal-integration.spec.ts:205:16

    attachment #1: screenshot (image/png) ──────────────────────────────────────────────────────────
    test-results/sitepal-integration-SitePa-ecc5e-h-correct-ID-and-properties-Microsoft-Edge/test-failed-1.png
    ────────────────────────────────────────────────────────────────────────────────────────────────

    attachment #2: video (video/webm) ──────────────────────────────────────────────────────────────
    test-results/sitepal-integration-SitePa-ecc5e-h-correct-ID-and-properties-Microsoft-Edge/video.webm
    ────────────────────────────────────────────────────────────────────────────────────────────────

    Error Context: ../test-results/sitepal-integration-SitePa-ecc5e-h-correct-ID-and-properties-Microsoft-Edge/error-context.md
]]>
</failure>
<system-out>
<![CDATA[
[[ATTACHMENT|sitepal-integration-SitePa-ecc5e-h-correct-ID-and-properties-Microsoft-Edge/test-failed-1.png]]

[[ATTACHMENT|sitepal-integration-SitePa-ecc5e-h-correct-ID-and-properties-Microsoft-Edge/video.webm]]

[[ATTACHMENT|sitepal-integration-SitePa-ecc5e-h-correct-ID-and-properties-Microsoft-Edge/error-context.md]]
]]>
</system-out>
</testcase>
<testcase name="SitePal DOM Container Integration › should load SitePal script and embed function" classname="sitepal-integration.spec.ts" time="11.443">
<failure message="sitepal-integration.spec.ts:229:7 should load SitePal script and embed function" type="FAILURE">
<![CDATA[  [Microsoft Edge] › sitepal-integration.spec.ts:229:7 › SitePal DOM Container Integration › should load SitePal script and embed function 

    TimeoutError: page.waitForSelector: Timeout 5000ms exceeded.
    Call log:
      - waiting for locator('[role="dialog"]') to be visible


      233 |     
      234 |     // Wait for modal to appear
    > 235 |     await page.waitForSelector('[role="dialog"]', { timeout: 5000 });
          |                ^
      236 |     
      237 |     // Wait for SitePal script to load
      238 |     const scriptLoaded = await helper.waitForSitePalScript();
        at /Users/boommac/Downloads/TAIC-Master/tests/sitepal-integration.spec.ts:235:16

    attachment #1: screenshot (image/png) ──────────────────────────────────────────────────────────
    test-results/sitepal-integration-SitePa-88623-l-script-and-embed-function-Microsoft-Edge/test-failed-1.png
    ────────────────────────────────────────────────────────────────────────────────────────────────

    attachment #2: video (video/webm) ──────────────────────────────────────────────────────────────
    test-results/sitepal-integration-SitePa-88623-l-script-and-embed-function-Microsoft-Edge/video.webm
    ────────────────────────────────────────────────────────────────────────────────────────────────

    Error Context: ../test-results/sitepal-integration-SitePa-88623-l-script-and-embed-function-Microsoft-Edge/error-context.md
]]>
</failure>
<system-out>
<![CDATA[
[[ATTACHMENT|sitepal-integration-SitePa-88623-l-script-and-embed-function-Microsoft-Edge/test-failed-1.png]]

[[ATTACHMENT|sitepal-integration-SitePa-88623-l-script-and-embed-function-Microsoft-Edge/video.webm]]

[[ATTACHMENT|sitepal-integration-SitePa-88623-l-script-and-embed-function-Microsoft-Edge/error-context.md]]
]]>
</system-out>
</testcase>
<testcase name="SitePal DOM Container Integration › should complete container initialization within timeout" classname="sitepal-integration.spec.ts" time="12.88">
<failure message="sitepal-integration.spec.ts:248:7 should complete container initialization within timeout" type="FAILURE">
<![CDATA[  [Microsoft Edge] › sitepal-integration.spec.ts:248:7 › SitePal DOM Container Integration › should complete container initialization within timeout 

    TimeoutError: page.waitForSelector: Timeout 5000ms exceeded.
    Call log:
      - waiting for locator('[role="dialog"]') to be visible


      252 |     
      253 |     // Wait for modal to appear
    > 254 |     await page.waitForSelector('[role="dialog"]', { timeout: 5000 });
          |                ^
      255 |     
      256 |     // Clear console messages
      257 |     await helper.clearConsoleMessages();
        at /Users/boommac/Downloads/TAIC-Master/tests/sitepal-integration.spec.ts:254:16

    attachment #1: screenshot (image/png) ──────────────────────────────────────────────────────────
    test-results/sitepal-integration-SitePa-e2d86-itialization-within-timeout-Microsoft-Edge/test-failed-1.png
    ────────────────────────────────────────────────────────────────────────────────────────────────

    attachment #2: video (video/webm) ──────────────────────────────────────────────────────────────
    test-results/sitepal-integration-SitePa-e2d86-itialization-within-timeout-Microsoft-Edge/video.webm
    ────────────────────────────────────────────────────────────────────────────────────────────────

    Error Context: ../test-results/sitepal-integration-SitePa-e2d86-itialization-within-timeout-Microsoft-Edge/error-context.md
]]>
</failure>
<system-out>
<![CDATA[
[[ATTACHMENT|sitepal-integration-SitePa-e2d86-itialization-within-timeout-Microsoft-Edge/test-failed-1.png]]

[[ATTACHMENT|sitepal-integration-SitePa-e2d86-itialization-within-timeout-Microsoft-Edge/video.webm]]

[[ATTACHMENT|sitepal-integration-SitePa-e2d86-itialization-within-timeout-Microsoft-Edge/error-context.md]]
]]>
</system-out>
</testcase>
<testcase name="SitePal DOM Container Integration › should handle modal close and reopen without errors" classname="sitepal-integration.spec.ts" time="12.162">
<failure message="sitepal-integration.spec.ts:284:7 should handle modal close and reopen without errors" type="FAILURE">
<![CDATA[  [Microsoft Edge] › sitepal-integration.spec.ts:284:7 › SitePal DOM Container Integration › should handle modal close and reopen without errors 

    TimeoutError: page.waitForSelector: Timeout 5000ms exceeded.
    Call log:
      - waiting for locator('[role="dialog"]') to be visible


      288 |     
      289 |     // Wait for modal to appear and initialize
    > 290 |     await page.waitForSelector('[role="dialog"]', { timeout: 5000 });
          |                ^
      291 |     await page.waitForTimeout(2000);
      292 |     
      293 |     // Close the modal
        at /Users/boommac/Downloads/TAIC-Master/tests/sitepal-integration.spec.ts:290:16

    attachment #1: screenshot (image/png) ──────────────────────────────────────────────────────────
    test-results/sitepal-integration-SitePa-0aa08-e-and-reopen-without-errors-Microsoft-Edge/test-failed-1.png
    ────────────────────────────────────────────────────────────────────────────────────────────────

    attachment #2: video (video/webm) ──────────────────────────────────────────────────────────────
    test-results/sitepal-integration-SitePa-0aa08-e-and-reopen-without-errors-Microsoft-Edge/video.webm
    ────────────────────────────────────────────────────────────────────────────────────────────────

    Error Context: ../test-results/sitepal-integration-SitePa-0aa08-e-and-reopen-without-errors-Microsoft-Edge/error-context.md
]]>
</failure>
<system-out>
<![CDATA[
[[ATTACHMENT|sitepal-integration-SitePa-0aa08-e-and-reopen-without-errors-Microsoft-Edge/test-failed-1.png]]

[[ATTACHMENT|sitepal-integration-SitePa-0aa08-e-and-reopen-without-errors-Microsoft-Edge/video.webm]]

[[ATTACHMENT|sitepal-integration-SitePa-0aa08-e-and-reopen-without-errors-Microsoft-Edge/error-context.md]]
]]>
</system-out>
</testcase>
<testcase name="SitePal DOM Container Integration › should not create infinite setTimeout loops" classname="sitepal-integration.spec.ts" time="9.226">
<failure message="sitepal-integration.spec.ts:318:7 should not create infinite setTimeout loops" type="FAILURE">
<![CDATA[  [Microsoft Edge] › sitepal-integration.spec.ts:318:7 › SitePal DOM Container Integration › should not create infinite setTimeout loops 

    TimeoutError: page.waitForSelector: Timeout 5000ms exceeded.
    Call log:
      - waiting for locator('[role="dialog"]') to be visible


      334 |     
      335 |     // Wait for modal and initialization
    > 336 |     await page.waitForSelector('[role="dialog"]', { timeout: 5000 });
          |                ^
      337 |     await page.waitForTimeout(5000);
      338 |     
      339 |     // Check setTimeout call count
        at /Users/boommac/Downloads/TAIC-Master/tests/sitepal-integration.spec.ts:336:16

    attachment #1: screenshot (image/png) ──────────────────────────────────────────────────────────
    test-results/sitepal-integration-SitePa-91abf-e-infinite-setTimeout-loops-Microsoft-Edge/test-failed-1.png
    ────────────────────────────────────────────────────────────────────────────────────────────────

    attachment #2: video (video/webm) ──────────────────────────────────────────────────────────────
    test-results/sitepal-integration-SitePa-91abf-e-infinite-setTimeout-loops-Microsoft-Edge/video.webm
    ────────────────────────────────────────────────────────────────────────────────────────────────

    Error Context: ../test-results/sitepal-integration-SitePa-91abf-e-infinite-setTimeout-loops-Microsoft-Edge/error-context.md
]]>
</failure>
<system-out>
<![CDATA[
[[ATTACHMENT|sitepal-integration-SitePa-91abf-e-infinite-setTimeout-loops-Microsoft-Edge/test-failed-1.png]]

[[ATTACHMENT|sitepal-integration-SitePa-91abf-e-infinite-setTimeout-loops-Microsoft-Edge/video.webm]]

[[ATTACHMENT|sitepal-integration-SitePa-91abf-e-infinite-setTimeout-loops-Microsoft-Edge/error-context.md]]
]]>
</system-out>
</testcase>
</testsuite>
<testsuite name="sitepal-integration.spec.ts" timestamp="2025-07-04T21:51:49.265Z" hostname="Google Chrome" tests="8" failures="8" skipped="0" time="118.539" errors="0">
<testcase name="SitePal DOM Container Integration › should load home page without console errors" classname="sitepal-integration.spec.ts" time="32.39">
<failure message="sitepal-integration.spec.ts:136:7 should load home page without console errors" type="FAILURE">
<![CDATA[  [Google Chrome] › sitepal-integration.spec.ts:136:7 › SitePal DOM Container Integration › should load home page without console errors 

    TimeoutError: page.waitForLoadState: Timeout 30000ms exceeded.

      136 |   test('should load home page without console errors', async ({ page }) => {
      137 |     // Wait for page to fully load
    > 138 |     await page.waitForLoadState('networkidle');
          |                ^
      139 |     
      140 |     // Check for any JavaScript errors
      141 |     const errorMessages = await helper.getConsoleMessages('error');
        at /Users/boommac/Downloads/TAIC-Master/tests/sitepal-integration.spec.ts:138:16

    attachment #1: screenshot (image/png) ──────────────────────────────────────────────────────────
    test-results/sitepal-integration-SitePa-e7f89-page-without-console-errors-Google-Chrome/test-failed-1.png
    ────────────────────────────────────────────────────────────────────────────────────────────────

    attachment #2: video (video/webm) ──────────────────────────────────────────────────────────────
    test-results/sitepal-integration-SitePa-e7f89-page-without-console-errors-Google-Chrome/video.webm
    ────────────────────────────────────────────────────────────────────────────────────────────────

    Error Context: ../test-results/sitepal-integration-SitePa-e7f89-page-without-console-errors-Google-Chrome/error-context.md
]]>
</failure>
<system-out>
<![CDATA[
[[ATTACHMENT|sitepal-integration-SitePa-e7f89-page-without-console-errors-Google-Chrome/test-failed-1.png]]

[[ATTACHMENT|sitepal-integration-SitePa-e7f89-page-without-console-errors-Google-Chrome/video.webm]]

[[ATTACHMENT|sitepal-integration-SitePa-e7f89-page-without-console-errors-Google-Chrome/error-context.md]]
]]>
</system-out>
</testcase>
<testcase name="SitePal DOM Container Integration › should find Start AI Presentation button and open SitePal modal" classname="sitepal-integration.spec.ts" time="11.307">
<failure message="sitepal-integration.spec.ts:151:7 should find Start AI Presentation button and open SitePal modal" type="FAILURE">
<![CDATA[  [Google Chrome] › sitepal-integration.spec.ts:151:7 › SitePal DOM Container Integration › should find Start AI Presentation button and open SitePal modal 

    TimeoutError: page.waitForSelector: Timeout 5000ms exceeded.
    Call log:
      - waiting for locator('[role="dialog"]') to be visible


      158 |
      159 |     // Wait for modal to appear
    > 160 |     await page.waitForSelector('[role="dialog"]', { timeout: 5000 });
          |                ^
      161 |
      162 |     // Verify modal is visible
      163 |     const modal = page.locator('[role="dialog"]');
        at /Users/boommac/Downloads/TAIC-Master/tests/sitepal-integration.spec.ts:160:16

    attachment #1: screenshot (image/png) ──────────────────────────────────────────────────────────
    test-results/sitepal-integration-SitePa-a86b7-tton-and-open-SitePal-modal-Google-Chrome/test-failed-1.png
    ────────────────────────────────────────────────────────────────────────────────────────────────

    attachment #2: video (video/webm) ──────────────────────────────────────────────────────────────
    test-results/sitepal-integration-SitePa-a86b7-tton-and-open-SitePal-modal-Google-Chrome/video.webm
    ────────────────────────────────────────────────────────────────────────────────────────────────

    Error Context: ../test-results/sitepal-integration-SitePa-a86b7-tton-and-open-SitePal-modal-Google-Chrome/error-context.md
]]>
</failure>
<system-out>
<![CDATA[
[[ATTACHMENT|sitepal-integration-SitePa-a86b7-tton-and-open-SitePal-modal-Google-Chrome/test-failed-1.png]]

[[ATTACHMENT|sitepal-integration-SitePa-a86b7-tton-and-open-SitePal-modal-Google-Chrome/video.webm]]

[[ATTACHMENT|sitepal-integration-SitePa-a86b7-tton-and-open-SitePal-modal-Google-Chrome/error-context.md]]
]]>
</system-out>
</testcase>
<testcase name="SitePal DOM Container Integration › should initialize DOM container without infinite retry loops" classname="sitepal-integration.spec.ts" time="10.652">
<failure message="sitepal-integration.spec.ts:167:7 should initialize DOM container without infinite retry loops" type="FAILURE">
<![CDATA[  [Google Chrome] › sitepal-integration.spec.ts:167:7 › SitePal DOM Container Integration › should initialize DOM container without infinite retry loops 

    TimeoutError: page.waitForSelector: Timeout 5000ms exceeded.
    Call log:
      - waiting for locator('[role="dialog"]') to be visible


      171 |     
      172 |     // Wait for modal to appear
    > 173 |     await page.waitForSelector('[role="dialog"]', { timeout: 5000 });
          |                ^
      174 |     
      175 |     // Clear console messages before container initialization
      176 |     await helper.clearConsoleMessages();
        at /Users/boommac/Downloads/TAIC-Master/tests/sitepal-integration.spec.ts:173:16

    attachment #1: screenshot (image/png) ──────────────────────────────────────────────────────────
    test-results/sitepal-integration-SitePa-98ab2-ithout-infinite-retry-loops-Google-Chrome/test-failed-1.png
    ────────────────────────────────────────────────────────────────────────────────────────────────

    attachment #2: video (video/webm) ──────────────────────────────────────────────────────────────
    test-results/sitepal-integration-SitePa-98ab2-ithout-infinite-retry-loops-Google-Chrome/video.webm
    ────────────────────────────────────────────────────────────────────────────────────────────────

    Error Context: ../test-results/sitepal-integration-SitePa-98ab2-ithout-infinite-retry-loops-Google-Chrome/error-context.md
]]>
</failure>
<system-out>
<![CDATA[
[[ATTACHMENT|sitepal-integration-SitePa-98ab2-ithout-infinite-retry-loops-Google-Chrome/test-failed-1.png]]

[[ATTACHMENT|sitepal-integration-SitePa-98ab2-ithout-infinite-retry-loops-Google-Chrome/video.webm]]

[[ATTACHMENT|sitepal-integration-SitePa-98ab2-ithout-infinite-retry-loops-Google-Chrome/error-context.md]]
]]>
</system-out>
</testcase>
<testcase name="SitePal DOM Container Integration › should create DOM container with correct ID and properties" classname="sitepal-integration.spec.ts" time="9.944">
<failure message="sitepal-integration.spec.ts:199:7 should create DOM container with correct ID and properties" type="FAILURE">
<![CDATA[  [Google Chrome] › sitepal-integration.spec.ts:199:7 › SitePal DOM Container Integration › should create DOM container with correct ID and properties 

    TimeoutError: page.waitForSelector: Timeout 5000ms exceeded.
    Call log:
      - waiting for locator('[role="dialog"]') to be visible


      203 |     
      204 |     // Wait for modal and container initialization
    > 205 |     await page.waitForSelector('[role="dialog"]', { timeout: 5000 });
          |                ^
      206 |     await page.waitForTimeout(2000);
      207 |     
      208 |     // Check for both possible container IDs
        at /Users/boommac/Downloads/TAIC-Master/tests/sitepal-integration.spec.ts:205:16

    attachment #1: screenshot (image/png) ──────────────────────────────────────────────────────────
    test-results/sitepal-integration-SitePa-ecc5e-h-correct-ID-and-properties-Google-Chrome/test-failed-1.png
    ────────────────────────────────────────────────────────────────────────────────────────────────

    attachment #2: video (video/webm) ──────────────────────────────────────────────────────────────
    test-results/sitepal-integration-SitePa-ecc5e-h-correct-ID-and-properties-Google-Chrome/video.webm
    ────────────────────────────────────────────────────────────────────────────────────────────────

    Error Context: ../test-results/sitepal-integration-SitePa-ecc5e-h-correct-ID-and-properties-Google-Chrome/error-context.md
]]>
</failure>
<system-out>
<![CDATA[
[[ATTACHMENT|sitepal-integration-SitePa-ecc5e-h-correct-ID-and-properties-Google-Chrome/test-failed-1.png]]

[[ATTACHMENT|sitepal-integration-SitePa-ecc5e-h-correct-ID-and-properties-Google-Chrome/video.webm]]

[[ATTACHMENT|sitepal-integration-SitePa-ecc5e-h-correct-ID-and-properties-Google-Chrome/error-context.md]]
]]>
</system-out>
</testcase>
<testcase name="SitePal DOM Container Integration › should load SitePal script and embed function" classname="sitepal-integration.spec.ts" time="20.999">
<failure message="sitepal-integration.spec.ts:229:7 should load SitePal script and embed function" type="FAILURE">
<![CDATA[  [Google Chrome] › sitepal-integration.spec.ts:229:7 › SitePal DOM Container Integration › should load SitePal script and embed function 

    TimeoutError: page.waitForSelector: Timeout 5000ms exceeded.
    Call log:
      - waiting for locator('[role="dialog"]') to be visible


      233 |     
      234 |     // Wait for modal to appear
    > 235 |     await page.waitForSelector('[role="dialog"]', { timeout: 5000 });
          |                ^
      236 |     
      237 |     // Wait for SitePal script to load
      238 |     const scriptLoaded = await helper.waitForSitePalScript();
        at /Users/boommac/Downloads/TAIC-Master/tests/sitepal-integration.spec.ts:235:16

    attachment #1: screenshot (image/png) ──────────────────────────────────────────────────────────
    test-results/sitepal-integration-SitePa-88623-l-script-and-embed-function-Google-Chrome/test-failed-1.png
    ────────────────────────────────────────────────────────────────────────────────────────────────

    attachment #2: video (video/webm) ──────────────────────────────────────────────────────────────
    test-results/sitepal-integration-SitePa-88623-l-script-and-embed-function-Google-Chrome/video.webm
    ────────────────────────────────────────────────────────────────────────────────────────────────

    Error Context: ../test-results/sitepal-integration-SitePa-88623-l-script-and-embed-function-Google-Chrome/error-context.md
]]>
</failure>
<system-out>
<![CDATA[
[[ATTACHMENT|sitepal-integration-SitePa-88623-l-script-and-embed-function-Google-Chrome/test-failed-1.png]]

[[ATTACHMENT|sitepal-integration-SitePa-88623-l-script-and-embed-function-Google-Chrome/video.webm]]

[[ATTACHMENT|sitepal-integration-SitePa-88623-l-script-and-embed-function-Google-Chrome/error-context.md]]
]]>
</system-out>
</testcase>
<testcase name="SitePal DOM Container Integration › should complete container initialization within timeout" classname="sitepal-integration.spec.ts" time="10.496">
<failure message="sitepal-integration.spec.ts:248:7 should complete container initialization within timeout" type="FAILURE">
<![CDATA[  [Google Chrome] › sitepal-integration.spec.ts:248:7 › SitePal DOM Container Integration › should complete container initialization within timeout 

    TimeoutError: page.waitForSelector: Timeout 5000ms exceeded.
    Call log:
      - waiting for locator('[role="dialog"]') to be visible


      252 |     
      253 |     // Wait for modal to appear
    > 254 |     await page.waitForSelector('[role="dialog"]', { timeout: 5000 });
          |                ^
      255 |     
      256 |     // Clear console messages
      257 |     await helper.clearConsoleMessages();
        at /Users/boommac/Downloads/TAIC-Master/tests/sitepal-integration.spec.ts:254:16

    attachment #1: screenshot (image/png) ──────────────────────────────────────────────────────────
    test-results/sitepal-integration-SitePa-e2d86-itialization-within-timeout-Google-Chrome/test-failed-1.png
    ────────────────────────────────────────────────────────────────────────────────────────────────

    attachment #2: video (video/webm) ──────────────────────────────────────────────────────────────
    test-results/sitepal-integration-SitePa-e2d86-itialization-within-timeout-Google-Chrome/video.webm
    ────────────────────────────────────────────────────────────────────────────────────────────────

    Error Context: ../test-results/sitepal-integration-SitePa-e2d86-itialization-within-timeout-Google-Chrome/error-context.md
]]>
</failure>
<system-out>
<![CDATA[
[[ATTACHMENT|sitepal-integration-SitePa-e2d86-itialization-within-timeout-Google-Chrome/test-failed-1.png]]

[[ATTACHMENT|sitepal-integration-SitePa-e2d86-itialization-within-timeout-Google-Chrome/video.webm]]

[[ATTACHMENT|sitepal-integration-SitePa-e2d86-itialization-within-timeout-Google-Chrome/error-context.md]]
]]>
</system-out>
</testcase>
<testcase name="SitePal DOM Container Integration › should handle modal close and reopen without errors" classname="sitepal-integration.spec.ts" time="10.652">
<failure message="sitepal-integration.spec.ts:284:7 should handle modal close and reopen without errors" type="FAILURE">
<![CDATA[  [Google Chrome] › sitepal-integration.spec.ts:284:7 › SitePal DOM Container Integration › should handle modal close and reopen without errors 

    TimeoutError: page.waitForSelector: Timeout 5000ms exceeded.
    Call log:
      - waiting for locator('[role="dialog"]') to be visible


      288 |     
      289 |     // Wait for modal to appear and initialize
    > 290 |     await page.waitForSelector('[role="dialog"]', { timeout: 5000 });
          |                ^
      291 |     await page.waitForTimeout(2000);
      292 |     
      293 |     // Close the modal
        at /Users/boommac/Downloads/TAIC-Master/tests/sitepal-integration.spec.ts:290:16

    attachment #1: screenshot (image/png) ──────────────────────────────────────────────────────────
    test-results/sitepal-integration-SitePa-0aa08-e-and-reopen-without-errors-Google-Chrome/test-failed-1.png
    ────────────────────────────────────────────────────────────────────────────────────────────────

    attachment #2: video (video/webm) ──────────────────────────────────────────────────────────────
    test-results/sitepal-integration-SitePa-0aa08-e-and-reopen-without-errors-Google-Chrome/video.webm
    ────────────────────────────────────────────────────────────────────────────────────────────────

    Error Context: ../test-results/sitepal-integration-SitePa-0aa08-e-and-reopen-without-errors-Google-Chrome/error-context.md
]]>
</failure>
<system-out>
<![CDATA[
[[ATTACHMENT|sitepal-integration-SitePa-0aa08-e-and-reopen-without-errors-Google-Chrome/test-failed-1.png]]

[[ATTACHMENT|sitepal-integration-SitePa-0aa08-e-and-reopen-without-errors-Google-Chrome/video.webm]]

[[ATTACHMENT|sitepal-integration-SitePa-0aa08-e-and-reopen-without-errors-Google-Chrome/error-context.md]]
]]>
</system-out>
</testcase>
<testcase name="SitePal DOM Container Integration › should not create infinite setTimeout loops" classname="sitepal-integration.spec.ts" time="12.099">
<failure message="sitepal-integration.spec.ts:318:7 should not create infinite setTimeout loops" type="FAILURE">
<![CDATA[  [Google Chrome] › sitepal-integration.spec.ts:318:7 › SitePal DOM Container Integration › should not create infinite setTimeout loops 

    TimeoutError: page.waitForSelector: Timeout 5000ms exceeded.
    Call log:
      - waiting for locator('[role="dialog"]') to be visible


      334 |     
      335 |     // Wait for modal and initialization
    > 336 |     await page.waitForSelector('[role="dialog"]', { timeout: 5000 });
          |                ^
      337 |     await page.waitForTimeout(5000);
      338 |     
      339 |     // Check setTimeout call count
        at /Users/boommac/Downloads/TAIC-Master/tests/sitepal-integration.spec.ts:336:16

    attachment #1: screenshot (image/png) ──────────────────────────────────────────────────────────
    test-results/sitepal-integration-SitePa-91abf-e-infinite-setTimeout-loops-Google-Chrome/test-failed-1.png
    ────────────────────────────────────────────────────────────────────────────────────────────────

    attachment #2: video (video/webm) ──────────────────────────────────────────────────────────────
    test-results/sitepal-integration-SitePa-91abf-e-infinite-setTimeout-loops-Google-Chrome/video.webm
    ────────────────────────────────────────────────────────────────────────────────────────────────

    Error Context: ../test-results/sitepal-integration-SitePa-91abf-e-infinite-setTimeout-loops-Google-Chrome/error-context.md
]]>
</failure>
<system-out>
<![CDATA[
[[ATTACHMENT|sitepal-integration-SitePa-91abf-e-infinite-setTimeout-loops-Google-Chrome/test-failed-1.png]]

[[ATTACHMENT|sitepal-integration-SitePa-91abf-e-infinite-setTimeout-loops-Google-Chrome/video.webm]]

[[ATTACHMENT|sitepal-integration-SitePa-91abf-e-infinite-setTimeout-loops-Google-Chrome/error-context.md]]
]]>
</system-out>
</testcase>
</testsuite>
</testsuites>